******************************************************************************
            TI ARM Clang Linker PC v4.0.3                      
******************************************************************************
>> Linked Sat Aug  2 19:09:04 2025

OUTPUT FILE NAME:   <empty_LP_MSPM0G3507_nortos_ticlang.out>
ENTRY POINT SYMBOL: "_c_int00_noargs"  address: 0000533d


MEMORY CONFIGURATION

         name            origin    length      used     unused   attr    fill
----------------------  --------  ---------  --------  --------  ----  --------
  FLASH                 00000000   00020000  00006828  000197d8  R  X
  SRAM                  20200000   00008000  00000a38  000075c8  RW X
  BCR_CONFIG            41c00000   000000ff  00000000  000000ff  R   
  BSL_CONFIG            41c00100   00000080  00000000  00000080  R   


SEGMENT ALLOCATION MAP

run origin  load origin   length   init length attrs members
----------  ----------- ---------- ----------- ----- -------
00000000    00000000    00006828   00006828    r-x
  00000000    00000000    000000c0   000000c0    r-- .intvecs
  000000c0    000000c0    00005df0   00005df0    r-x .text
  00005eb0    00005eb0    00000918   00000918    r-- .rodata
  000067c8    000067c8    00000060   00000060    r-- .cinit
20200000    20200000    00000838   00000000    rw-
  20200000    20200000    00000780   00000000    rw- .bss
  20200780    20200780    000000b8   00000000    rw- .data
20207e00    20207e00    00000200   00000000    rw-
  20207e00    20207e00    00000200   00000000    rw- .stack


SECTION ALLOCATION MAP

 output                                  attributes/
section   page    origin      length       input sections
--------  ----  ----------  ----------   ----------------
.intvecs   0    00000000    000000c0     
                  00000000    000000c0     startup_mspm0g350x_ticlang.o (.intvecs)

.text      0    000000c0    00005df0     
                  000000c0    0000038c     empty.o (.text.TASK4_MAIN)
                  0000044c    000002d8     empty.o (.text.TASK3_MAIN)
                  00000724    000002a4     empty.o (.text.TASK2_MAIN)
                  000009c8    00000260     ti_msp_dl_config.o (.text.SYSCFG_DL_GPIO_init)
                  00000c28    00000218     empty.o (.text.UART0_IRQHandler)
                  00000e40    00000200     empty.o (.text.TASK1_MAIN)
                  00001040    000001fc     chase.o (.text.pid_gawei_output)
                  0000123c    000001a8     JYS.o (.text.UART1_IRQHandler)
                  000013e4    00000194     STP.o (.text.UART3_IRQHandler)
                  00001578    00000192     libclang_rt.builtins.a : adddf3.S.obj (.text.adddf3_subdf3)
                  0000170a    00000002                            : aeabi_div0.c.obj (.text.__aeabi_idiv0)
                  0000170c    00000180     encoder.o (.text.encoder_update)
                  0000188c    0000017c     pid.o (.text.update_PID)
                  00001a08    00000164     empty.o (.text.TASK4_IT)
                  00001b6c    00000154     empty.o (.text.Task4_tr_detect_90_over)
                  00001cc0    0000013c     chase.o (.text.adc_getvalue)
                  00001dfc    0000012c     Key.o (.text.Key_Detect_Task)
                  00001f28    0000012c     Key.o (.text.Key_Task1_CircleNum)
                  00002054    0000011c     driverlib.a : dl_timer.o (.text.DL_Timer_initCaptureMode)
                  00002170    00000118     oled.o (.text.OLED_ShowChar)
                  00002288    0000010c     libclang_rt.builtins.a : divdf3.S.obj (.text.__divdf3)
                  00002394    00000104     driverlib.a : dl_timer.o (.text.DL_Timer_initFourCCPWMMode)
                  00002498    000000fa     oled.o (.text.OLED_Init)
                  00002592    00000002     libclang_rt.builtins.a : aeabi_div0.c.obj (.text.__aeabi_ldiv0)
                  00002594    000000f8     ti_msp_dl_config.o (.text.SYSCFG_DL_initPower)
                  0000268c    000000f6     oled.o (.text.OLED_ShowNum)
                  00002782    00000002     --HOLE-- [fill = 0]
                  00002784    000000f0     empty.o (.text.Task4_ganwei_turn)
                  00002874    000000e8     driverlib.a : dl_timer.o (.text.DL_Timer_initTimerMode)
                  0000295c    000000e8     empty.o (.text.ganwei_turn)
                  00002a44    000000e4     empty.o (.text.TASK2_IT)
                  00002b28    000000e4     libclang_rt.builtins.a : muldf3.S.obj (.text.__muldf3)
                  00002c0c    000000d8                            : addsf3.S.obj (.text)
                  00002ce4    000000d4     empty.o (.text.Task3_PID_Track_X)
                  00002db8    000000c8     chase.o (.text.ganwei_Calibrate)
                  00002e80    000000c4     Key.o (.text.Key_GetNum)
                  00002f44    000000c4     empty.o (.text.Task4_turn_first)
                  00003008    000000b4     chase.o (.text.ADC0_IRQHandler)
                  000030bc    000000b0     BUJIN.o (.text.Set_X_Bujin_Speed)
                  0000316c    000000b0     BUJIN.o (.text.Set_Y_Bujin_Speed)
                  0000321c    000000ac     empty.o (.text.Task3_Limit_Y)
                  000032c8    000000a8     empty.o (.text.TASK3_IT)
                  00003370    000000a4     empty.o (.text.tr_detect_90_over)
                  00003414    000000a2     libclang_rt.builtins.a : udivmoddi4.S.obj (.text)
                  000034b6    00000002     --HOLE-- [fill = 0]
                  000034b8    000000a0     encoder.o (.text.encoder_Init)
                  00003558    00000098     empty.o (.text.TASK1_IT)
                  000035f0    00000094     pid_app.o (.text.trace_ganwei_go_straight_v)
                  00003684    00000090     BUJIN.o (.text.Pixel_Calibration_To_Angle_Update)
                  00003714    00000090     ti_msp_dl_config.o (.text.SYSCFG_DL_ADC_CHASE_init)
                  000037a4    0000008c     ti_msp_dl_config.o (.text.SYSCFG_DL_Motor_init)
                  00003830    0000008c     libclang_rt.builtins.a : mulsf3.S.obj (.text.__mulsf3)
                  000038bc    00000088     pid_app.o (.text.Stepper_keep_distance_reserve)
                  00003944    00000084     ti_msp_dl_config.o (.text.__NVIC_SetPriority)
                  000039c8    00000082     libclang_rt.builtins.a : divsf3.S.obj (.text.__divsf3)
                  00003a4a    00000002     --HOLE-- [fill = 0]
                  00003a4c    00000080     ti_msp_dl_config.o (.text.SYSCFG_DL_PWM_BUJIN_Y_init)
                  00003acc    0000007c     ti_msp_dl_config.o (.text.SYSCFG_DL_PWM_BUJIN_X_init)
                  00003b48    0000007c     libc.a : copy_decompress_lzss.c.obj (.text:decompress:lzss)
                  00003bc4    00000078     pid.o (.text.limit)
                  00003c3c    00000074     oled.o (.text.Send_Byte)
                  00003cb0    00000074     libclang_rt.builtins.a : truncdfsf2.S.obj (.text.__truncdfsf2)
                  00003d24    00000070     oled.o (.text.OLED_ShowString)
                  00003d94    00000070     ti_msp_dl_config.o (.text.SYSCFG_DL_init)
                  00003e04    0000006c     ti_msp_dl_config.o (.text.SYSCFG_DL_UART_0_init)
                  00003e70    0000006c     ti_msp_dl_config.o (.text.SYSCFG_DL_UART_3_init)
                  00003edc    0000006c     empty.o (.text.Task3_Seek_X)
                  00003f48    0000006c     empty.o (.text.Task4_IT_SingleCircle_ErrorPos)
                  00003fb4    0000006a     oled.o (.text.OLED_Clear)
                  0000401e    00000002     --HOLE-- [fill = 0]
                  00004020    00000068     pid_app.o (.text.IT_PIDapplication_keep_velocity)
                  00004088    00000068     Motor.o (.text.Set_Left_Motor)
                  000040f0    00000068     empty.o (.text.main)
                  00004158    00000062     libclang_rt.builtins.a : aeabi_fcmp.S.obj (.text.__aeabi_fcmp)
                  000041ba    00000002     --HOLE-- [fill = 0]
                  000041bc    00000060     ti_msp_dl_config.o (.text.SYSCFG_DL_UART_1_init)
                  0000421c    00000060     empty.o (.text.TIMG0_IRQHandler)
                  0000427c    0000005c     encoder.o (.text.Init_Zero_Encoder)
                  000042d8    0000005c     Motor.o (.text.Set_Right_Motor)
                  00004334    00000058     empty.o (.text.Task2_IT_SingleCircle_Time)
                  0000438c    00000056     libclang_rt.builtins.a : aeabi_idivmod.S.obj (.text.__aeabi_idivmod)
                  000043e2    00000002     --HOLE-- [fill = 0]
                  000043e4    00000054     MAXCI.o (.text.MAXIC_Enable)
                  00004438    00000054     empty.o (.text.TIMG6_IRQHandler)
                  0000448c    00000054     empty.o (.text.TIMG8_IRQHandler)
                  000044e0    0000004e     oled.o (.text.OLED_WR_Byte)
                  0000452e    00000002     --HOLE-- [fill = 0]
                  00004530    0000004c     ti_msp_dl_config.o (.text.DL_ADC12_initSingleSample)
                  0000457c    0000004c     driverlib.a : dl_dma.o (.text.DL_DMA_initChannel)
                  000045c8    0000004c     ti_msp_dl_config.o (.text.DL_UART_setBaudRateDivisor)
                  00004614    0000004a     ti_msp_dl_config.o (.text.DL_ADC12_configConversionMem)
                  0000465e    00000002     --HOLE-- [fill = 0]
                  00004660    0000004a     libclang_rt.builtins.a : fixdfsi.S.obj (.text.__fixdfsi)
                  000046aa    00000002     --HOLE-- [fill = 0]
                  000046ac    00000048     driverlib.a : dl_uart.o (.text.DL_UART_init)
                  000046f4    00000044     chase.o (.text.CHASE_ADC_Init)
                  00004738    00000044     BUJIN.o (.text.TIMA0_IRQHandler)
                  0000477c    00000044     BUJIN.o (.text.TIMG7_IRQHandler)
                  000047c0    00000040     driverlib.a : dl_adc12.o (.text.DL_ADC12_setClockConfig)
                  00004800    00000040     ti_msp_dl_config.o (.text.SYSCFG_DL_motor_CLOCK_init)
                  00004840    00000040     libclang_rt.builtins.a : aeabi_uidivmod.S.obj (.text.__aeabi_uidivmod)
                  00004880    0000003e                            : divmoddi4.c.obj (.text.__divmoddi4)
                  000048be    00000002     --HOLE-- [fill = 0]
                  000048c0    0000003e                            : floatdidf.S.obj (.text.__floatdidf)
                  000048fe    00000002     --HOLE-- [fill = 0]
                  00004900    0000003c     ti_msp_dl_config.o (.text.DL_GPIO_initPeripheralInputFunctionFeatures)
                  0000493c    0000003c     ti_msp_dl_config.o (.text.DL_Timer_setCounterControl)
                  00004978    0000003c     Motor.o (.text.Motor_Init)
                  000049b4    0000003c     oled.o (.text.OLED_Set_Pos)
                  000049f0    0000003c     libclang_rt.builtins.a : floatsisf.S.obj (.text.__floatsisf)
                  00004a2c    0000003c                            : comparesf2.S.obj (.text.__gtsf2)
                  00004a68    0000003c     JYS.o (.text.pid_JY61P_init_Param)
                  00004aa4    0000003c     libc.a : autoinit.c.obj (.text:__TI_auto_init_nobinit_nopinit)
                  00004ae0    0000003a     libclang_rt.builtins.a : comparesf2.S.obj (.text.__eqsf2)
                  00004b1a    00000002     --HOLE-- [fill = 0]
                  00004b1c    0000003a                            : muldsi3.S.obj (.text.__muldsi3)
                  00004b56    00000002     --HOLE-- [fill = 0]
                  00004b58    00000038     JYS.o (.text.Serial_JY61P_Zero_Yaw)
                  00004b90    00000038     libclang_rt.builtins.a : fixsfsi.S.obj (.text.__fixsfsi)
                  00004bc8    00000034     ti_msp_dl_config.o (.text.DL_GPIO_initDigitalInputFeatures)
                  00004bfc    00000034     oled.o (.text.I2C_Start)
                  00004c30    00000034     ti_msp_dl_config.o (.text.SYSCFG_DL_Encoder1A_init)
                  00004c64    00000034     ti_msp_dl_config.o (.text.SYSCFG_DL_Encoder2A_init)
                  00004c98    00000034     empty.o (.text.__NVIC_DisableIRQ)
                  00004ccc    00000034     encoder.o (.text.__NVIC_DisableIRQ)
                  00004d00    00000032     libclang_rt.builtins.a : fixunssfsi.S.obj (.text.__fixunssfsi)
                  00004d32    00000002     --HOLE-- [fill = 0]
                  00004d34    00000030     MAXCI.o (.text.DL_DMA_setTransferSize)
                  00004d64    00000030     STP.o (.text.DL_DMA_setTransferSize)
                  00004d94    00000030     empty.o (.text.DL_DMA_setTransferSize)
                  00004dc4    00000030     ti_msp_dl_config.o (.text.DL_DMA_setTransferSize)
                  00004df4    00000030     ti_msp_dl_config.o (.text.DL_GPIO_initDigitalOutputFeatures)
                  00004e24    00000030     oled.o (.text.oled_pow)
                  00004e54    00000030     chase.o (.text.tr_init_ganwei)
                  00004e84    0000002c     ti_msp_dl_config.o (.text.DL_ADC12_setDMASamplesCnt)
                  00004eb0    0000002c     ti_msp_dl_config.o (.text.SYSCFG_DL_I2C_1_init)
                  00004edc    0000002c     MAXCI.o (.text.__NVIC_ClearPendingIRQ)
                  00004f08    0000002c     empty.o (.text.__NVIC_ClearPendingIRQ)
                  00004f34    0000002c     encoder.o (.text.__NVIC_ClearPendingIRQ)
                  00004f60    0000002c     JYS.o (.text.__NVIC_EnableIRQ)
                  00004f8c    0000002c     MAXCI.o (.text.__NVIC_EnableIRQ)
                  00004fb8    0000002c     chase.o (.text.__NVIC_EnableIRQ)
                  00004fe4    0000002c     empty.o (.text.__NVIC_EnableIRQ)
                  00005010    0000002c     encoder.o (.text.__NVIC_EnableIRQ)
                  0000503c    0000002c     libclang_rt.builtins.a : floatsidf.S.obj (.text.__floatsidf)
                  00005068    0000002a     ti_msp_dl_config.o (.text.SYSCFG_DL_SYSCTL_init)
                  00005092    00000028     ti_msp_dl_config.o (.text.DL_Common_updateReg)
                  000050ba    00000002     --HOLE-- [fill = 0]
                  000050bc    00000028     MAXCI.o (.text.DL_DMA_setDestAddr)
                  000050e4    00000028     STP.o (.text.DL_DMA_setDestAddr)
                  0000510c    00000028     chase.o (.text.DL_DMA_setDestAddr)
                  00005134    00000028     empty.o (.text.DL_DMA_setDestAddr)
                  0000515c    00000028     MAXCI.o (.text.DL_DMA_setSrcAddr)
                  00005184    00000028     STP.o (.text.DL_DMA_setSrcAddr)
                  000051ac    00000028     chase.o (.text.DL_DMA_setSrcAddr)
                  000051d4    00000028     empty.o (.text.DL_DMA_setSrcAddr)
                  000051fc    00000028     ti_msp_dl_config.o (.text.DL_UART_setRXFIFOThreshold)
                  00005224    00000028     ti_msp_dl_config.o (.text.DL_UART_setTXFIFOThreshold)
                  0000524c    00000028     oled.o (.text.I2C_Stop)
                  00005274    00000028     oled.o (.text.I2C_WaitAck)
                  0000529c    00000028     ti_msp_dl_config.o (.text.SYSCFG_DL_DMA_CH0_init)
                  000052c4    00000028     BUJIN.o (.text.Set_Bujin)
                  000052ec    00000028     encoder.o (.text.TIMER_IT_ENABLE)
                  00005314    00000028     empty.o (.text.vSet_carParam)
                  0000533c    00000028     libc.a : boot_cortex_m.c.obj (.text:_c_int00_noargs)
                  00005364    00000026     STP.o (.text.DL_DMA_disableChannel)
                  0000538a    00000026     empty.o (.text.DL_DMA_disableChannel)
                  000053b0    00000026     MAXCI.o (.text.DL_DMA_enableChannel)
                  000053d6    00000026     STP.o (.text.DL_DMA_enableChannel)
                  000053fc    00000026     chase.o (.text.DL_DMA_enableChannel)
                  00005422    00000026     empty.o (.text.DL_DMA_enableChannel)
                  00005448    00000026     ti_msp_dl_config.o (.text.DL_I2C_setAnalogGlitchFilterPulseWidth)
                  0000546e    00000026     driverlib.a : dl_i2c.o (.text.DL_I2C_setClockConfig)
                  00005494    00000022     pid.o (.text.init_zero_PID)
                  000054b6    00000022     pid.o (.text.set_PID_Param)
                  000054d8    00000020     ti_msp_dl_config.o (.text.DL_GPIO_initPeripheralInputFunction)
                  000054f8    00000020     driverlib.a : dl_uart.o (.text.DL_UART_receiveDataBlocking)
                  00005518    00000020                 : dl_uart.o (.text.DL_UART_transmitDataBlocking)
                  00005538    00000020     Motor.o (.text.abs_int)
                  00005558    0000001e     ti_msp_dl_config.o (.text.DL_ADC12_setPowerDownMode)
                  00005576    0000001e     ti_msp_dl_config.o (.text.DL_UART_setOversampling)
                  00005594    0000001e     libclang_rt.builtins.a : ashldi3.S.obj (.text.__ashldi3)
                  000055b2    00000002     --HOLE-- [fill = 0]
                  000055b4    0000001c     ti_msp_dl_config.o (.text.DL_ADC12_clearInterruptStatus)
                  000055d0    0000001c     ti_msp_dl_config.o (.text.DL_ADC12_enableDMA)
                  000055ec    0000001c     ti_msp_dl_config.o (.text.DL_ADC12_enableDMATrigger)
                  00005608    0000001c     ti_msp_dl_config.o (.text.DL_ADC12_enableInterrupt)
                  00005624    0000001c     chase.o (.text.DL_ADC12_startConversion)
                  00005640    0000001c     ti_msp_dl_config.o (.text.DL_GPIO_clearInterruptStatus)
                  0000565c    0000001c     ti_msp_dl_config.o (.text.DL_GPIO_enableHiZ)
                  00005678    0000001c     ti_msp_dl_config.o (.text.DL_GPIO_enableInterrupt)
                  00005694    0000001c     ti_msp_dl_config.o (.text.DL_GPIO_initPeripheralOutputFunction)
                  000056b0    0000001c     ti_msp_dl_config.o (.text.DL_GPIO_setLowerPinsPolarity)
                  000056cc    0000001c     ti_msp_dl_config.o (.text.DL_SYSCTL_setMCLKDivider)
                  000056e8    0000001c     ti_msp_dl_config.o (.text.DL_SYSCTL_setSYSOSCFreq)
                  00005704    0000001c     ti_msp_dl_config.o (.text.DL_SYSCTL_setULPCLKDivider)
                  00005720    0000001c     ti_msp_dl_config.o (.text.DL_Timer_enableInterrupt)
                  0000573c    0000001c     driverlib.a : dl_timer.o (.text.DL_Timer_setCaptCompUpdateMethod)
                  00005758    0000001c                 : dl_timer.o (.text.DL_Timer_setClockConfig)
                  00005774    0000001c     ti_msp_dl_config.o (.text.DL_UART_enableInterrupt)
                  00005790    00000018     ti_msp_dl_config.o (.text.DL_ADC12_enablePower)
                  000057a8    00000018     ti_msp_dl_config.o (.text.DL_ADC12_reset)
                  000057c0    00000018     ti_msp_dl_config.o (.text.DL_ADC12_setSampleTime0)
                  000057d8    00000018     ti_msp_dl_config.o (.text.DL_GPIO_enableOutput)
                  000057f0    00000018     ti_msp_dl_config.o (.text.DL_GPIO_enablePower)
                  00005808    00000018     ti_msp_dl_config.o (.text.DL_GPIO_initDigitalOutput)
                  00005820    00000018     ti_msp_dl_config.o (.text.DL_GPIO_reset)
                  00005838    00000018     BUJIN.o (.text.DL_GPIO_setPins)
                  00005850    00000018     Motor.o (.text.DL_GPIO_setPins)
                  00005868    00000018     chase.o (.text.DL_GPIO_setPins)
                  00005880    00000018     empty.o (.text.DL_GPIO_setPins)
                  00005898    00000018     oled.o (.text.DL_GPIO_setPins)
                  000058b0    00000018     ti_msp_dl_config.o (.text.DL_GPIO_setPins)
                  000058c8    00000018     ti_msp_dl_config.o (.text.DL_GPIO_setUpperPinsPolarity)
                  000058e0    00000018     ti_msp_dl_config.o (.text.DL_I2C_enableAnalogGlitchFilter)
                  000058f8    00000018     ti_msp_dl_config.o (.text.DL_I2C_enablePower)
                  00005910    00000018     ti_msp_dl_config.o (.text.DL_I2C_reset)
                  00005928    00000018     ti_msp_dl_config.o (.text.DL_SYSCTL_setBORThreshold)
                  00005940    00000018     ti_msp_dl_config.o (.text.DL_Timer_enablePower)
                  00005958    00000018     ti_msp_dl_config.o (.text.DL_Timer_reset)
                  00005970    00000018     driverlib.a : dl_timer.o (.text.DL_Timer_setCaptureCompareOutCtl)
                  00005988    00000018     BUJIN.o (.text.DL_Timer_setLoadValue)
                  000059a0    00000018     BUJIN.o (.text.DL_Timer_startCounter)
                  000059b8    00000018     Motor.o (.text.DL_Timer_startCounter)
                  000059d0    00000018     encoder.o (.text.DL_Timer_startCounter)
                  000059e8    00000018     BUJIN.o (.text.DL_Timer_stopCounter)
                  00005a00    00000018     ti_msp_dl_config.o (.text.DL_UART_enableDMAReceiveEvent)
                  00005a18    00000018     ti_msp_dl_config.o (.text.DL_UART_enableFIFOs)
                  00005a30    00000018     ti_msp_dl_config.o (.text.DL_UART_enablePower)
                  00005a48    00000018     STP.o (.text.DL_UART_isRXFIFOEmpty)
                  00005a60    00000018     empty.o (.text.DL_UART_isRXFIFOEmpty)
                  00005a78    00000018     ti_msp_dl_config.o (.text.DL_UART_reset)
                  00005a90    00000018     Delay.o (.text.Delay_s)
                  00005aa8    00000018     BUJIN.o (.text.Init_Bujin)
                  00005ac0    00000018     ti_msp_dl_config.o (.text.SYSCFG_DL_DMA_MAXCI_init)
                  00005ad8    00000018     ti_msp_dl_config.o (.text.SYSCFG_DL_DMA_STP_init)
                  00005af0    00000018     pid.o (.text.set_PID_Limit)
                  00005b08    00000016     chase.o (.text.DL_ADC12_disableConversions)
                  00005b1e    00000016     chase.o (.text.DL_ADC12_enableConversions)
                  00005b34    00000016     ti_msp_dl_config.o (.text.DL_ADC12_enableConversions)
                  00005b4a    00000016     Key.o (.text.DL_GPIO_readPins)
                  00005b60    00000016     empty.o (.text.DL_GPIO_readPins)
                  00005b76    00000016     ti_msp_dl_config.o (.text.DL_UART_enable)
                  00005b8c    00000016     Delay.o (.text.delay_ms)
                  00005ba2    00000002     --HOLE-- [fill = 0]
                  00005ba4    00000014     BUJIN.o (.text.Bujin_Set_Y_Num)
                  00005bb8    00000014     BUJIN.o (.text.DL_GPIO_clearPins)
                  00005bcc    00000014     Motor.o (.text.DL_GPIO_clearPins)
                  00005be0    00000014     chase.o (.text.DL_GPIO_clearPins)
                  00005bf4    00000014     oled.o (.text.DL_GPIO_clearPins)
                  00005c08    00000014     ti_msp_dl_config.o (.text.DL_GPIO_clearPins)
                  00005c1c    00000014     ti_msp_dl_config.o (.text.DL_SYSCTL_disableSYSPLL)
                  00005c30    00000014     encoder.o (.text.DL_Timer_disableClock)
                  00005c44    00000014     BUJIN.o (.text.DL_Timer_enableClock)
                  00005c58    00000014     Motor.o (.text.DL_Timer_enableClock)
                  00005c6c    00000014     encoder.o (.text.DL_Timer_enableClock)
                  00005c80    00000014     ti_msp_dl_config.o (.text.DL_Timer_enableClock)
                  00005c94    00000014     ti_msp_dl_config.o (.text.DL_Timer_setCCPDirection)
                  00005ca8    00000014     STP.o (.text.DL_UART_receiveData)
                  00005cbc    00000014     empty.o (.text.DL_UART_receiveData)
                  00005cd0    00000014     MAXCI.o (.text.MAXIC_RX_Num_Set)
                  00005ce4    00000014     encoder.o (.text.TIMER_IT_DISENABLE)
                  00005cf8    00000014     libclang_rt.builtins.a : aeabi_ldivmod.S.obj (.text.__aeabi_ldivmod)
                  00005d0c    00000014     empty.o (.text.vJump_MovementState)
                  00005d20    00000012     chase.o (.text.DL_ADC12_getPendingInterrupt)
                  00005d32    00000012     BUJIN.o (.text.DL_Timer_getPendingInterrupt)
                  00005d44    00000012     empty.o (.text.DL_Timer_getPendingInterrupt)
                  00005d56    00000012     JYS.o (.text.DL_UART_getPendingInterrupt)
                  00005d68    00000012     STP.o (.text.DL_UART_getPendingInterrupt)
                  00005d7a    00000012     empty.o (.text.DL_UART_getPendingInterrupt)
                  00005d8c    00000012     driverlib.a : dl_uart.o (.text.DL_UART_setClockConfig)
                  00005d9e    00000012     libc.a : memcpy16.S.obj (.text:TI_memcpy_small)
                  00005db0    00000012            : copy_decompress_none.c.obj (.text:decompress:none)
                  00005dc2    00000002     --HOLE-- [fill = 0]
                  00005dc4    00000010     ti_msp_dl_config.o (.text.DL_SYSCTL_disableHFXT)
                  00005dd4    00000010     empty.o (.text.DL_Timer_getTimerCount)
                  00005de4    00000010     driverlib.a : dl_timer.o (.text.DL_Timer_setCaptureCompareValue)
                  00005df4    00000010     ti_msp_dl_config.o (.text.SYSCFG_DL_DMA_init)
                  00005e04    00000010     BUJIN.o (.text.Start_X_Bujin)
                  00005e14    00000010     BUJIN.o (.text.Start_Y_Bujin)
                  00005e24    00000010     pid.o (.text.set_PID_Target)
                  00005e34    00000010     libc.a : copy_zero_init.c.obj (.text:decompress:ZI)
                  00005e44    0000000e            : memset16.S.obj (.text:TI_memset_small)
                  00005e52    00000002     --HOLE-- [fill = 0]
                  00005e54    0000000c     libclang_rt.builtins.a : aeabi_memset.S.obj (.text.__aeabi_memclr)
                  00005e60    0000000a     driverlib.a : dl_common.o (.text.DL_Common_delayCycles)
                  00005e6a    0000000a     JYS.o (.text.JY61P_Enable)
                  00005e74    00000008     libclang_rt.builtins.a : aeabi_memcpy.S.obj (.text.__aeabi_memcpy)
                  00005e7c    00000006     libc.a : exit.c.obj (.text:abort)
                  00005e82    00000004     startup_mspm0g350x_ticlang.o (.text.Default_Handler)
                  00005e86    00000004     libsysbm.a : hostexit.c.obj (.text.HOSTexit)
                  00005e8a    00000004     startup_mspm0g350x_ticlang.o (.text.Reset_Handler)
                  00005e8e    00000002     --HOLE-- [fill = 0]
                  00005e90    00000010     libc.a : boot_cortex_m.c.obj (.tramp._c_int00_noargs.1)
                  00005ea0    00000004            : pre_init.c.obj (.text._system_pre_init)
                  00005ea4    0000000c     --HOLE-- [fill = 0]

.cinit     0    000067c8    00000060     
                  000067c8    00000039     (.cinit..data.load) [load image, compression = lzss]
                  00006801    00000003     --HOLE-- [fill = 0]
                  00006804    0000000c     (__TI_handler_table)
                  00006810    00000008     (.cinit..bss.load) [load image, compression = zero_init]
                  00006818    00000010     (__TI_cinit_table)

.rodata    0    00005eb0    00000918     
                  00005eb0    000005f0     oled.o (.rodata.asc2_1608)
                  000064a0    00000228     oled.o (.rodata.asc2_0806)
                  000066c8    00000018     ti_msp_dl_config.o (.rodata.gDMA_CH0Config)
                  000066e0    00000018     ti_msp_dl_config.o (.rodata.gDMA_MAXCIConfig)
                  000066f8    00000018     ti_msp_dl_config.o (.rodata.gDMA_STPConfig)
                  00006710    00000014     ti_msp_dl_config.o (.rodata.gmotor_CLOCKTimerConfig)
                  00006724    00000010     ti_msp_dl_config.o (.rodata.gEncoder1ACaptureConfig)
                  00006734    00000010     ti_msp_dl_config.o (.rodata.gEncoder2ACaptureConfig)
                  00006744    0000000c     driverlib.a : dl_timer.o (.rodata..Lswitch.table.DL_Timer_initCompareMode)
                  00006750    0000000a     ti_msp_dl_config.o (.rodata.gUART_0Config)
                  0000675a    0000000a     ti_msp_dl_config.o (.rodata.gUART_1Config)
                  00006764    0000000a     ti_msp_dl_config.o (.rodata.gUART_3Config)
                  0000676e    00000002     ti_msp_dl_config.o (.rodata.gI2C_1ClockConfig)
                  00006770    00000008     ti_msp_dl_config.o (.rodata.gADC_CHASEClockConfig)
                  00006778    00000008     ti_msp_dl_config.o (.rodata.gMotorConfig)
                  00006780    00000008     ti_msp_dl_config.o (.rodata.gPWM_BUJIN_XConfig)
                  00006788    00000008     ti_msp_dl_config.o (.rodata.gPWM_BUJIN_YConfig)
                  00006790    00000008     empty.o (.rodata.str1.14685083708502177989.1)
                  00006798    00000006     empty.o (.rodata.str1.254342170260855183.1)
                  0000679e    00000006     empty.o (.rodata.str1.9517790425240694019.1)
                  000067a4    00000003     ti_msp_dl_config.o (.rodata.gEncoder1AClockConfig)
                  000067a7    00000003     ti_msp_dl_config.o (.rodata.gEncoder2AClockConfig)
                  000067aa    00000003     ti_msp_dl_config.o (.rodata.gMotorClockConfig)
                  000067ad    00000003     ti_msp_dl_config.o (.rodata.gPWM_BUJIN_XClockConfig)
                  000067b0    00000003     ti_msp_dl_config.o (.rodata.gPWM_BUJIN_YClockConfig)
                  000067b3    00000003     ti_msp_dl_config.o (.rodata.gmotor_CLOCKClockConfig)
                  000067b6    00000002     ti_msp_dl_config.o (.rodata.gUART_0ClockConfig)
                  000067b8    00000002     ti_msp_dl_config.o (.rodata.gUART_1ClockConfig)
                  000067ba    00000002     ti_msp_dl_config.o (.rodata.gUART_3ClockConfig)
                  000067bc    00000002     chase.o (.rodata.str1.11323015168160394841.1)
                  000067be    00000002     empty.o (.rodata.str1.11898133897667081452.1)
                  000067c0    00000002     chase.o (.rodata.str1.12570822378465325647.1)
                  000067c2    00000002     empty.o (.rodata.str1.16704889451495720520.1)
                  000067c4    00000002     empty.o (.rodata.str1.17669528882079347314.1)
                  000067c6    00000002     empty.o (.rodata.str1.7401042497206923953.1)

.init_array 
*          0    00000000    00000000     UNINITIALIZED

.binit     0    00000000    00000000     

.bss       0    20200000    00000780     UNINITIALIZED
                  20200000    000000c3     (.common:RX_Packet)
                  202000c3    00000001     (.common:start_manner)
                  202000c4    000000bc     (.common:gMotorBackup)
                  20200180    000000bc     (.common:gPWM_BUJIN_YBackup)
                  2020023c    000000a0     (.common:gEncoder1ABackup)
                  202002dc    000000a0     (.common:gPWM_BUJIN_XBackup)
                  2020037c    00000034     (.common:s_X_stepPID)
                  202003b0    00000034     (.common:s_Y_stepPID)
                  202003e4    00000034     (.common:s_pid_l)
                  20200418    00000034     (.common:s_pid_r)
                  2020044c    00000034     (.common:v_X_stepPID)
                  20200480    00000034     (.common:v_Y_stepPID)
                  202004b4    00000034     (.common:v_pid_l)
                  202004e8    00000034     (.common:v_pid_r)
                  2020051c    00000004     JYS.o (.bss.SUM)
                  20200520    00000030     (.common:encoder_l)
                  20200550    00000030     (.common:encoder_r)
                  20200580    00000030     (.common:gUART_3Backup)
                  202005b0    00000030     (.common:stepper_x)
                  202005e0    00000030     (.common:stepper_y)
                  20200610    00000028     (.common:oringinal_data)
                  20200638    00000028     (.common:pid_tr)
                  20200660    00000024     (.common:pid_jy901)
                  20200684    00000016     (.common:Rx_Stp_Data)
                  2020069a    00000014     (.common:Rx_Maxci_Data)
                  202006ae    00000010     (.common:anolag_result)
                  202006be    00000010     (.common:black)
                  202006ce    00000002     (.common:Left_Dir)
                  202006d0    00000010     (.common:car_param)
                  202006e0    00000010     (.common:digital)
                  202006f0    00000010     (.common:real_anolog_result)
                  20200700    00000010     (.common:threshould)
                  20200710    00000010     (.common:white)
                  20200720    00000009     JYS.o (.bss.receivedData)
                  20200729    00000001     (.common:yuntai_state)
                  2020072a    00000002     (.common:Pixel_X)
                  2020072c    00000004     JYS.o (.bss.VH)
                  20200730    00000004     JYS.o (.bss.VL)
                  20200734    00000004     JYS.o (.bss.YawH)
                  20200738    00000004     JYS.o (.bss.YawL)
                  2020073c    00000004     (.common:F_Pulse_X)
                  20200740    00000004     (.common:F_Pulse_Y)
                  20200744    00000004     (.common:MAXCI_tim_cnt_last)
                  20200748    00000004     (.common:MAXCI_tim_cnt_now)
                  2020074c    00000004     (.common:MAXCI_tim_transfer_interval)
                  20200750    00000004     (.common:PWM_L)
                  20200754    00000004     (.common:PWM_R)
                  20200758    00000004     (.common:Rx_Maxci_TransferNum)
                  2020075c    00000004     (.common:TASK_TOTAL)
                  20200760    00000004     (.common:Yaw)
                  20200764    00000004     (.common:Yaw_Add)
                  20200768    00000004     (.common:Yaw_Last)
                  2020076c    00000004     (.common:count_project)
                  20200770    00000004     (.common:tr_project_tim_cnt)
                  20200774    00000004     (.common:turn_command_num)
                  20200778    00000004     (.common:turn_project_tim_cnt)
                  2020077c    00000002     (.common:Pixel_Y)
                  2020077e    00000002     (.common:Right_Dir)

.data      0    20200780    000000b8     UNINITIALIZED
                  20200780    00000060     empty.o (.data.dynamics_PID_Param)
                  202007e0    00000004     chase.o (.data.Calibrate_flag)
                  202007e4    00000004     empty.o (.data.EncoderA_Count)
                  202007e8    00000004     empty.o (.data.EncoderB_Count)
                  202007ec    00000004     empty.o (.data.Pixel_centre_x)
                  202007f0    00000004     empty.o (.data.Set_Flag)
                  202007f4    00000004     empty.o (.data.Task2_IT_SingleCircle_Time.time_cnt2)
                  202007f8    00000004     empty.o (.data.Task3_Limit_Y.time_cnt2)
                  202007fc    00000004     empty.o (.data.Task3_PID_Track_X.time_cnt2)
                  20200800    00000004     empty.o (.data.Task4_ganwei_turn.tim_cnt)
                  20200804    00000004     empty.o (.data.Task4_tr_detect_90_over.tim_cnt1)
                  20200808    00000004     empty.o (.data.Task4_turn_first.tim_cnt)
                  2020080c    00000004     empty.o (.data.UART0_IRQHandler.flag)
                  20200810    00000004     BUJIN.o (.data.X_NUM)
                  20200814    00000004     BUJIN.o (.data.Y_NUM)
                  20200818    00000004     empty.o (.data.Yaw_Target)
                  2020081c    00000004     empty.o (.data.ganwei_turn.tim_cnt)
                  20200820    00000004     empty.o (.data.limit_pos_flag)
                  20200824    00000004     empty.o (.data.tr_detect_90_over.tim_cnt1)
                  20200828    00000004     empty.o (.data.tr_task4_cnt)
                  2020082c    00000004     empty.o (.data.turn_task1_cnt)
                  20200830    00000002     chase.o (.data.adc_getvalue.ganwei_pos)
                  20200832    00000001     JYS.o (.data.RxState_101)
                  20200833    00000001     STP.o (.data.Rx_Flag)
                  20200834    00000001     BUJIN.o (.data.X_complete_Flag)
                  20200835    00000001     BUJIN.o (.data.Y_complete_Flag)
                  20200836    00000001     JYS.o (.data.dataIndex)
                  20200837    00000001     empty.o (.data.movement_state)

.stack     0    20207e00    00000200     UNINITIALIZED
                  20207e00    00000004     libc.a : boot_cortex_m.c.obj (.stack)
                  20207e04    000001fc     --HOLE--

__llvm_prf_cnts 
*          0    20200000    00000000     UNINITIALIZED

__llvm_prf_bits 
*          0    20200000    00000000     UNINITIALIZED

MODULE SUMMARY

       Module                         code    ro data   rw data
       ------                         ----    -------   -------
    .\
       empty.o                        7038    28        1095   
       ti_msp_dl_config.o             4082    212       744    
       startup_mspm0g350x_ticlang.o   8       192       0      
    +--+------------------------------+-------+---------+---------+
       Total:                         11128   432       1839   
                                                               
    .\DELAY\
       Delay.o                        46      0         0      
    +--+------------------------------+-------+---------+---------+
       Total:                         46      0         0      
                                                               
    .\ENCODER\
       encoder.o                      900     0         0      
    +--+------------------------------+-------+---------+---------+
       Total:                         900     0         0      
                                                               
    .\GANWEI\
       chase.o                        1616    4         6      
    +--+------------------------------+-------+---------+---------+
       Total:                         1616    4         6      
                                                               
    .\JYS\
       JYS.o                          612     0         31     
    +--+------------------------------+-------+---------+---------+
       Total:                         612     0         31     
                                                               
    .\KEY\
       Key.o                          818     0         0      
    +--+------------------------------+-------+---------+---------+
       Total:                         818     0         0      
                                                               
    .\MAXCI\
       MAXCI.o                        358     0         0      
    +--+------------------------------+-------+---------+---------+
       Total:                         358     0         0      
                                                               
    .\MOTOR\
       Motor.o                        376     0         0      
    +--+------------------------------+-------+---------+---------+
       Total:                         376     0         0      
                                                               
    .\OLED\
       oled.o                         1472    2072      0      
    +--+------------------------------+-------+---------+---------+
       Total:                         1472    2072      0      
                                                               
    .\PID_Pack\
       pid.o                          608     0         0      
       pid_app.o                      388     0         0      
    +--+------------------------------+-------+---------+---------+
       Total:                         996     0         0      
                                                               
    .\STEPPER\
       BUJIN.o                        902     0         10     
    +--+------------------------------+-------+---------+---------+
       Total:                         902     0         10     
                                                               
    .\STP\
       STP.o                          670     0         218    
    +--+------------------------------+-------+---------+---------+
       Total:                         670     0         218    
                                                               
    F:/TI/mspm0_sdk_2_05_01_00/source/ti/driverlib/lib/ticlang/m0p/mspm0g1x0x_g3x0x/driverlib.a
       dl_timer.o                     872     12        0      
       dl_uart.o                      154     0         0      
       dl_dma.o                       76      0         0      
       dl_adc12.o                     64      0         0      
       dl_i2c.o                       38      0         0      
       dl_common.o                    10      0         0      
    +--+------------------------------+-------+---------+---------+
       Total:                         1214    12        0      
                                                               
    F:\TI\ccs\tools\compiler\ti-cgt-armllvm_4.0.3.LTS\lib\armv6m-ti-none-eabi/c/libc.a
       copy_decompress_lzss.c.obj     124     0         0      
       autoinit.c.obj                 60      0         0      
       boot_cortex_m.c.obj            56      0         0      
       copy_decompress_none.c.obj     18      0         0      
       memcpy16.S.obj                 18      0         0      
       copy_zero_init.c.obj           16      0         0      
       memset16.S.obj                 14      0         0      
       exit.c.obj                     6       0         0      
       pre_init.c.obj                 4       0         0      
    +--+------------------------------+-------+---------+---------+
       Total:                         316     0         0      
                                                               
    F:\TI\ccs\tools\compiler\ti-cgt-armllvm_4.0.3.LTS\lib\armv6m-ti-none-eabi/c/libsysbm.a
       hostexit.c.obj                 4       0         0      
    +--+------------------------------+-------+---------+---------+
       Total:                         4       0         0      
                                                               
    F:\TI\ccs\tools\compiler\ti-cgt-armllvm_4.0.3.LTS\lib\armv6m-ti-none-eabi/libclang_rt.builtins.a
       adddf3.S.obj                   402     0         0      
       divdf3.S.obj                   268     0         0      
       muldf3.S.obj                   228     0         0      
       addsf3.S.obj                   216     0         0      
       udivmoddi4.S.obj               162     0         0      
       mulsf3.S.obj                   140     0         0      
       divsf3.S.obj                   130     0         0      
       comparesf2.S.obj               118     0         0      
       truncdfsf2.S.obj               116     0         0      
       aeabi_fcmp.S.obj               98      0         0      
       aeabi_idivmod.S.obj            86      0         0      
       fixdfsi.S.obj                  74      0         0      
       aeabi_uidivmod.S.obj           64      0         0      
       divmoddi4.c.obj                62      0         0      
       floatdidf.S.obj                62      0         0      
       floatsisf.S.obj                60      0         0      
       muldsi3.S.obj                  58      0         0      
       fixsfsi.S.obj                  56      0         0      
       fixunssfsi.S.obj               50      0         0      
       floatsidf.S.obj                44      0         0      
       ashldi3.S.obj                  30      0         0      
       aeabi_ldivmod.S.obj            20      0         0      
       aeabi_memset.S.obj             12      0         0      
       aeabi_memcpy.S.obj             8       0         0      
       aeabi_div0.c.obj               4       0         0      
    +--+------------------------------+-------+---------+---------+
       Total:                         2568    0         0      
                                                               
       Stack:                         0       0         512    
       Linker Generated:              0       93        0      
    +--+------------------------------+-------+---------+---------+
       Grand Total:                   23996   2613      2616   


LINKER GENERATED COPY TABLES

__TI_cinit_table @ 00006818 records: 2, size/record: 8, table size: 16
	.data: load addr=000067c8, load size=00000039 bytes, run addr=20200780, run size=000000b8 bytes, compression=lzss
	.bss: load addr=00006810, load size=00000008 bytes, run addr=20200000, run size=00000780 bytes, compression=zero_init


LINKER GENERATED HANDLER TABLE

__TI_handler_table @ 00006804 records: 3, size/record: 4, table size: 12
	index: 0, handler: __TI_decompress_lzss
	index: 1, handler: __TI_decompress_none
	index: 2, handler: __TI_zero_init


FAR CALL TRAMPOLINES

callee name               trampoline name
   callee addr  tramp addr   call addr  call info
--------------  -----------  ---------  ----------------
_c_int00_noargs           $Tramp$TT$L$PI$$_c_int00_noargs
   0000533d     00005e90     00005e8a   startup_mspm0g350x_ticlang.o (.text.Reset_Handler)

[1 trampolines]
[1 trampoline calls]


GLOBAL SYMBOLS: SORTED ALPHABETICALLY BY Name 

address   name                             
-------   ----                             
00003009  ADC0_IRQHandler                  
00005e83  ADC1_IRQHandler                  
00005e83  AES_IRQHandler                   
00005ba5  Bujin_Set_Y_Num                  
00005e86  C$$EXIT                          
00005e83  CANFD0_IRQHandler                
000046f5  CHASE_ADC_Init                   
202007e0  Calibrate_flag                   
00005e83  DAC0_IRQHandler                  
000047c1  DL_ADC12_setClockConfig          
00005e61  DL_Common_delayCycles            
0000457d  DL_DMA_initChannel               
0000546f  DL_I2C_setClockConfig            
00002055  DL_Timer_initCaptureMode         
00002395  DL_Timer_initFourCCPWMMode       
00002875  DL_Timer_initTimerMode           
0000573d  DL_Timer_setCaptCompUpdateMethod 
00005971  DL_Timer_setCaptureCompareOutCtl 
00005de5  DL_Timer_setCaptureCompareValue  
00005759  DL_Timer_setClockConfig          
000046ad  DL_UART_init                     
000054f9  DL_UART_receiveDataBlocking      
00005d8d  DL_UART_setClockConfig           
00005519  DL_UART_transmitDataBlocking     
00005e83  DMA_IRQHandler                   
00005e83  Default_Handler                  
00005a91  Delay_s                          
202007e4  EncoderA_Count                   
202007e8  EncoderB_Count                   
2020073c  F_Pulse_X                        
20200740  F_Pulse_Y                        
00005e83  GROUP0_IRQHandler                
00005e83  GROUP1_IRQHandler                
00005e87  HOSTexit                         
00005e83  HardFault_Handler                
00005e83  I2C0_IRQHandler                  
00005e83  I2C1_IRQHandler                  
00004bfd  I2C_Start                        
0000524d  I2C_Stop                         
00005275  I2C_WaitAck                      
00004021  IT_PIDapplication_keep_velocity  
00005aa9  Init_Bujin                       
0000427d  Init_Zero_Encoder                
00005e6b  JY61P_Enable                     
00001dfd  Key_Detect_Task                  
00002e81  Key_GetNum                       
00001f29  Key_Task1_CircleNum              
202006ce  Left_Dir                         
20200744  MAXCI_tim_cnt_last               
20200748  MAXCI_tim_cnt_now                
2020074c  MAXCI_tim_transfer_interval      
000043e5  MAXIC_Enable                     
00005cd1  MAXIC_RX_Num_Set                 
00004979  Motor_Init                       
00005e83  NMI_Handler                      
00003fb5  OLED_Clear                       
00002499  OLED_Init                        
000049b5  OLED_Set_Pos                     
00002171  OLED_ShowChar                    
0000268d  OLED_ShowNum                     
00003d25  OLED_ShowString                  
000044e1  OLED_WR_Byte                     
20200750  PWM_L                            
20200754  PWM_R                            
00005e83  PendSV_Handler                   
00003685  Pixel_Calibration_To_Angle_Update
2020072a  Pixel_X                          
2020077c  Pixel_Y                          
202007ec  Pixel_centre_x                   
00005e83  RTC_IRQHandler                   
20200000  RX_Packet                        
00005e8b  Reset_Handler                    
2020077e  Right_Dir                        
20200833  Rx_Flag                          
2020069a  Rx_Maxci_Data                    
20200758  Rx_Maxci_TransferNum             
20200684  Rx_Stp_Data                      
00005e83  SPI0_IRQHandler                  
00005e83  SPI1_IRQHandler                  
00005e83  SVC_Handler                      
00003715  SYSCFG_DL_ADC_CHASE_init         
0000529d  SYSCFG_DL_DMA_CH0_init           
00005ac1  SYSCFG_DL_DMA_MAXCI_init         
00005ad9  SYSCFG_DL_DMA_STP_init           
00005df5  SYSCFG_DL_DMA_init               
00004c31  SYSCFG_DL_Encoder1A_init         
00004c65  SYSCFG_DL_Encoder2A_init         
000009c9  SYSCFG_DL_GPIO_init              
00004eb1  SYSCFG_DL_I2C_1_init             
000037a5  SYSCFG_DL_Motor_init             
00003acd  SYSCFG_DL_PWM_BUJIN_X_init       
00003a4d  SYSCFG_DL_PWM_BUJIN_Y_init       
00005069  SYSCFG_DL_SYSCTL_init            
00003e05  SYSCFG_DL_UART_0_init            
000041bd  SYSCFG_DL_UART_1_init            
00003e71  SYSCFG_DL_UART_3_init            
00003d95  SYSCFG_DL_init                   
00002595  SYSCFG_DL_initPower              
00004801  SYSCFG_DL_motor_CLOCK_init       
00003c3d  Send_Byte                        
00004b59  Serial_JY61P_Zero_Yaw            
000052c5  Set_Bujin                        
202007f0  Set_Flag                         
00004089  Set_Left_Motor                   
000042d9  Set_Right_Motor                  
000030bd  Set_X_Bujin_Speed                
0000316d  Set_Y_Bujin_Speed                
00005e05  Start_X_Bujin                    
00005e15  Start_Y_Bujin                    
000038bd  Stepper_keep_distance_reserve    
00005e83  SysTick_Handler                  
00003559  TASK1_IT                         
00000e41  TASK1_MAIN                       
00002a45  TASK2_IT                         
00000725  TASK2_MAIN                       
000032c9  TASK3_IT                         
0000044d  TASK3_MAIN                       
00001a09  TASK4_IT                         
000000c1  TASK4_MAIN                       
2020075c  TASK_TOTAL                       
00004739  TIMA0_IRQHandler                 
00005e83  TIMA1_IRQHandler                 
00005ce5  TIMER_IT_DISENABLE               
000052ed  TIMER_IT_ENABLE                  
0000421d  TIMG0_IRQHandler                 
00005e83  TIMG12_IRQHandler                
00004439  TIMG6_IRQHandler                 
0000477d  TIMG7_IRQHandler                 
0000448d  TIMG8_IRQHandler                 
00005d9f  TI_memcpy_small                  
00005e45  TI_memset_small                  
00004335  Task2_IT_SingleCircle_Time       
0000321d  Task3_Limit_Y                    
00002ce5  Task3_PID_Track_X                
00003edd  Task3_Seek_X                     
00003f49  Task4_IT_SingleCircle_ErrorPos   
00002785  Task4_ganwei_turn                
00001b6d  Task4_tr_detect_90_over          
00002f45  Task4_turn_first                 
00000c29  UART0_IRQHandler                 
0000123d  UART1_IRQHandler                 
00005e83  UART2_IRQHandler                 
000013e5  UART3_IRQHandler                 
20200810  X_NUM                            
20200834  X_complete_Flag                  
20200814  Y_NUM                            
20200835  Y_complete_Flag                  
20200760  Yaw                              
20200764  Yaw_Add                          
20200768  Yaw_Last                         
20200818  Yaw_Target                       
20208000  __STACK_END                      
00000200  __STACK_SIZE                     
00000000  __TI_ATRegion0_region_sz         
00000000  __TI_ATRegion0_src_addr          
00000000  __TI_ATRegion0_trg_addr          
00000000  __TI_ATRegion1_region_sz         
00000000  __TI_ATRegion1_src_addr          
00000000  __TI_ATRegion1_trg_addr          
00000000  __TI_ATRegion2_region_sz         
00000000  __TI_ATRegion2_src_addr          
00000000  __TI_ATRegion2_trg_addr          
00006818  __TI_CINIT_Base                  
00006828  __TI_CINIT_Limit                 
00006828  __TI_CINIT_Warm                  
00006804  __TI_Handler_Table_Base          
00006810  __TI_Handler_Table_Limit         
00004aa5  __TI_auto_init_nobinit_nopinit   
00003b49  __TI_decompress_lzss             
00005db1  __TI_decompress_none             
ffffffff  __TI_pprof_out_hndl              
ffffffff  __TI_prof_data_size              
ffffffff  __TI_prof_data_start             
00000000  __TI_static_base__               
00005e35  __TI_zero_init                   
00001583  __adddf3                         
00002c17  __addsf3                         
00003cb1  __aeabi_d2f                      
00004661  __aeabi_d2iz                     
00001583  __aeabi_dadd                     
00002289  __aeabi_ddiv                     
00002b29  __aeabi_dmul                     
00001579  __aeabi_dsub                     
00004b91  __aeabi_f2iz                     
00004d01  __aeabi_f2uiz                    
00002c17  __aeabi_fadd                     
00004159  __aeabi_fcmpeq                   
00004195  __aeabi_fcmpge                   
000041a9  __aeabi_fcmpgt                   
00004181  __aeabi_fcmple                   
0000416d  __aeabi_fcmplt                   
000039c9  __aeabi_fdiv                     
00003831  __aeabi_fmul                     
00002c0d  __aeabi_fsub                     
0000503d  __aeabi_i2d                      
000049f1  __aeabi_i2f                      
0000438d  __aeabi_idiv                     
0000170b  __aeabi_idiv0                    
0000438d  __aeabi_idivmod                  
000048c1  __aeabi_l2d                      
00002593  __aeabi_ldiv0                    
00005cf9  __aeabi_ldivmod                  
00005595  __aeabi_llsl                     
00005e55  __aeabi_memclr                   
00005e55  __aeabi_memclr4                  
00005e55  __aeabi_memclr8                  
00005e75  __aeabi_memcpy                   
00005e75  __aeabi_memcpy4                  
00005e75  __aeabi_memcpy8                  
00004841  __aeabi_uidiv                    
00004841  __aeabi_uidivmod                 
00005595  __ashldi3                        
ffffffff  __binit__                        
00004ae1  __cmpsf2                         
00002289  __divdf3                         
00004881  __divmoddi4                      
000039c9  __divsf3                         
00004ae1  __eqsf2                          
00004661  __fixdfsi                        
00004b91  __fixsfsi                        
00004d01  __fixunssfsi                     
000048c1  __floatdidf                      
0000503d  __floatsidf                      
000049f1  __floatsisf                      
00004a2d  __gesf2                          
00004a2d  __gtsf2                          
00004ae1  __lesf2                          
00004ae1  __ltsf2                          
UNDEFED   __mpu_init                       
00002b29  __muldf3                         
00004b1d  __muldsi3                        
00003831  __mulsf3                         
00004ae1  __nesf2                          
20207e00  __stack                          
20200000  __start___llvm_prf_bits          
20200000  __start___llvm_prf_cnts          
20200000  __stop___llvm_prf_bits           
20200000  __stop___llvm_prf_cnts           
00001579  __subdf3                         
00002c0d  __subsf3                         
00003cb1  __truncdfsf2                     
00003415  __udivmoddi4                     
0000533d  _c_int00_noargs                  
UNDEFED   _system_post_cinit               
00005ea1  _system_pre_init                 
00005e7d  abort                            
00005539  abs_int                          
00001cc1  adc_getvalue                     
202006ae  anolag_result                    
000064a0  asc2_0806                        
00005eb0  asc2_1608                        
ffffffff  binit                            
202006be  black                            
202006d0  car_param                        
2020076c  count_project                    
00005b8d  delay_ms                         
202006e0  digital                          
20200780  dynamics_PID_Param               
000034b9  encoder_Init                     
20200520  encoder_l                        
20200550  encoder_r                        
0000170d  encoder_update                   
2020023c  gEncoder1ABackup                 
202000c4  gMotorBackup                     
202002dc  gPWM_BUJIN_XBackup               
20200180  gPWM_BUJIN_YBackup               
20200580  gUART_3Backup                    
00002db9  ganwei_Calibrate                 
0000295d  ganwei_turn                      
00005495  init_zero_PID                    
00000000  interruptVectors                 
00003bc5  limit                            
20200820  limit_pos_flag                   
000040f1  main                             
20200837  movement_state                   
00004e25  oled_pow                         
20200610  oringinal_data                   
00004a69  pid_JY61P_init_Param             
00001041  pid_gawei_output                 
20200660  pid_jy901                        
20200638  pid_tr                           
202006f0  real_anolog_result               
2020037c  s_X_stepPID                      
202003b0  s_Y_stepPID                      
202003e4  s_pid_l                          
20200418  s_pid_r                          
00005af1  set_PID_Limit                    
000054b7  set_PID_Param                    
00005e25  set_PID_Target                   
202000c3  start_manner                     
202005b0  stepper_x                        
202005e0  stepper_y                        
20200700  threshould                       
00003371  tr_detect_90_over                
00004e55  tr_init_ganwei                   
20200770  tr_project_tim_cnt               
20200828  tr_task4_cnt                     
000035f1  trace_ganwei_go_straight_v       
20200774  turn_command_num                 
20200778  turn_project_tim_cnt             
2020082c  turn_task1_cnt                   
0000188d  update_PID                       
00005d0d  vJump_MovementState              
00005315  vSet_carParam                    
2020044c  v_X_stepPID                      
20200480  v_Y_stepPID                      
202004b4  v_pid_l                          
202004e8  v_pid_r                          
20200710  white                            
20200729  yuntai_state                     


GLOBAL SYMBOLS: SORTED BY Symbol Address 

address   name                             
-------   ----                             
00000000  __TI_ATRegion0_region_sz         
00000000  __TI_ATRegion0_src_addr          
00000000  __TI_ATRegion0_trg_addr          
00000000  __TI_ATRegion1_region_sz         
00000000  __TI_ATRegion1_src_addr          
00000000  __TI_ATRegion1_trg_addr          
00000000  __TI_ATRegion2_region_sz         
00000000  __TI_ATRegion2_src_addr          
00000000  __TI_ATRegion2_trg_addr          
00000000  __TI_static_base__               
00000000  interruptVectors                 
000000c1  TASK4_MAIN                       
00000200  __STACK_SIZE                     
0000044d  TASK3_MAIN                       
00000725  TASK2_MAIN                       
000009c9  SYSCFG_DL_GPIO_init              
00000c29  UART0_IRQHandler                 
00000e41  TASK1_MAIN                       
00001041  pid_gawei_output                 
0000123d  UART1_IRQHandler                 
000013e5  UART3_IRQHandler                 
00001579  __aeabi_dsub                     
00001579  __subdf3                         
00001583  __adddf3                         
00001583  __aeabi_dadd                     
0000170b  __aeabi_idiv0                    
0000170d  encoder_update                   
0000188d  update_PID                       
00001a09  TASK4_IT                         
00001b6d  Task4_tr_detect_90_over          
00001cc1  adc_getvalue                     
00001dfd  Key_Detect_Task                  
00001f29  Key_Task1_CircleNum              
00002055  DL_Timer_initCaptureMode         
00002171  OLED_ShowChar                    
00002289  __aeabi_ddiv                     
00002289  __divdf3                         
00002395  DL_Timer_initFourCCPWMMode       
00002499  OLED_Init                        
00002593  __aeabi_ldiv0                    
00002595  SYSCFG_DL_initPower              
0000268d  OLED_ShowNum                     
00002785  Task4_ganwei_turn                
00002875  DL_Timer_initTimerMode           
0000295d  ganwei_turn                      
00002a45  TASK2_IT                         
00002b29  __aeabi_dmul                     
00002b29  __muldf3                         
00002c0d  __aeabi_fsub                     
00002c0d  __subsf3                         
00002c17  __addsf3                         
00002c17  __aeabi_fadd                     
00002ce5  Task3_PID_Track_X                
00002db9  ganwei_Calibrate                 
00002e81  Key_GetNum                       
00002f45  Task4_turn_first                 
00003009  ADC0_IRQHandler                  
000030bd  Set_X_Bujin_Speed                
0000316d  Set_Y_Bujin_Speed                
0000321d  Task3_Limit_Y                    
000032c9  TASK3_IT                         
00003371  tr_detect_90_over                
00003415  __udivmoddi4                     
000034b9  encoder_Init                     
00003559  TASK1_IT                         
000035f1  trace_ganwei_go_straight_v       
00003685  Pixel_Calibration_To_Angle_Update
00003715  SYSCFG_DL_ADC_CHASE_init         
000037a5  SYSCFG_DL_Motor_init             
00003831  __aeabi_fmul                     
00003831  __mulsf3                         
000038bd  Stepper_keep_distance_reserve    
000039c9  __aeabi_fdiv                     
000039c9  __divsf3                         
00003a4d  SYSCFG_DL_PWM_BUJIN_Y_init       
00003acd  SYSCFG_DL_PWM_BUJIN_X_init       
00003b49  __TI_decompress_lzss             
00003bc5  limit                            
00003c3d  Send_Byte                        
00003cb1  __aeabi_d2f                      
00003cb1  __truncdfsf2                     
00003d25  OLED_ShowString                  
00003d95  SYSCFG_DL_init                   
00003e05  SYSCFG_DL_UART_0_init            
00003e71  SYSCFG_DL_UART_3_init            
00003edd  Task3_Seek_X                     
00003f49  Task4_IT_SingleCircle_ErrorPos   
00003fb5  OLED_Clear                       
00004021  IT_PIDapplication_keep_velocity  
00004089  Set_Left_Motor                   
000040f1  main                             
00004159  __aeabi_fcmpeq                   
0000416d  __aeabi_fcmplt                   
00004181  __aeabi_fcmple                   
00004195  __aeabi_fcmpge                   
000041a9  __aeabi_fcmpgt                   
000041bd  SYSCFG_DL_UART_1_init            
0000421d  TIMG0_IRQHandler                 
0000427d  Init_Zero_Encoder                
000042d9  Set_Right_Motor                  
00004335  Task2_IT_SingleCircle_Time       
0000438d  __aeabi_idiv                     
0000438d  __aeabi_idivmod                  
000043e5  MAXIC_Enable                     
00004439  TIMG6_IRQHandler                 
0000448d  TIMG8_IRQHandler                 
000044e1  OLED_WR_Byte                     
0000457d  DL_DMA_initChannel               
00004661  __aeabi_d2iz                     
00004661  __fixdfsi                        
000046ad  DL_UART_init                     
000046f5  CHASE_ADC_Init                   
00004739  TIMA0_IRQHandler                 
0000477d  TIMG7_IRQHandler                 
000047c1  DL_ADC12_setClockConfig          
00004801  SYSCFG_DL_motor_CLOCK_init       
00004841  __aeabi_uidiv                    
00004841  __aeabi_uidivmod                 
00004881  __divmoddi4                      
000048c1  __aeabi_l2d                      
000048c1  __floatdidf                      
00004979  Motor_Init                       
000049b5  OLED_Set_Pos                     
000049f1  __aeabi_i2f                      
000049f1  __floatsisf                      
00004a2d  __gesf2                          
00004a2d  __gtsf2                          
00004a69  pid_JY61P_init_Param             
00004aa5  __TI_auto_init_nobinit_nopinit   
00004ae1  __cmpsf2                         
00004ae1  __eqsf2                          
00004ae1  __lesf2                          
00004ae1  __ltsf2                          
00004ae1  __nesf2                          
00004b1d  __muldsi3                        
00004b59  Serial_JY61P_Zero_Yaw            
00004b91  __aeabi_f2iz                     
00004b91  __fixsfsi                        
00004bfd  I2C_Start                        
00004c31  SYSCFG_DL_Encoder1A_init         
00004c65  SYSCFG_DL_Encoder2A_init         
00004d01  __aeabi_f2uiz                    
00004d01  __fixunssfsi                     
00004e25  oled_pow                         
00004e55  tr_init_ganwei                   
00004eb1  SYSCFG_DL_I2C_1_init             
0000503d  __aeabi_i2d                      
0000503d  __floatsidf                      
00005069  SYSCFG_DL_SYSCTL_init            
0000524d  I2C_Stop                         
00005275  I2C_WaitAck                      
0000529d  SYSCFG_DL_DMA_CH0_init           
000052c5  Set_Bujin                        
000052ed  TIMER_IT_ENABLE                  
00005315  vSet_carParam                    
0000533d  _c_int00_noargs                  
0000546f  DL_I2C_setClockConfig            
00005495  init_zero_PID                    
000054b7  set_PID_Param                    
000054f9  DL_UART_receiveDataBlocking      
00005519  DL_UART_transmitDataBlocking     
00005539  abs_int                          
00005595  __aeabi_llsl                     
00005595  __ashldi3                        
0000573d  DL_Timer_setCaptCompUpdateMethod 
00005759  DL_Timer_setClockConfig          
00005971  DL_Timer_setCaptureCompareOutCtl 
00005a91  Delay_s                          
00005aa9  Init_Bujin                       
00005ac1  SYSCFG_DL_DMA_MAXCI_init         
00005ad9  SYSCFG_DL_DMA_STP_init           
00005af1  set_PID_Limit                    
00005b8d  delay_ms                         
00005ba5  Bujin_Set_Y_Num                  
00005cd1  MAXIC_RX_Num_Set                 
00005ce5  TIMER_IT_DISENABLE               
00005cf9  __aeabi_ldivmod                  
00005d0d  vJump_MovementState              
00005d8d  DL_UART_setClockConfig           
00005d9f  TI_memcpy_small                  
00005db1  __TI_decompress_none             
00005de5  DL_Timer_setCaptureCompareValue  
00005df5  SYSCFG_DL_DMA_init               
00005e05  Start_X_Bujin                    
00005e15  Start_Y_Bujin                    
00005e25  set_PID_Target                   
00005e35  __TI_zero_init                   
00005e45  TI_memset_small                  
00005e55  __aeabi_memclr                   
00005e55  __aeabi_memclr4                  
00005e55  __aeabi_memclr8                  
00005e61  DL_Common_delayCycles            
00005e6b  JY61P_Enable                     
00005e75  __aeabi_memcpy                   
00005e75  __aeabi_memcpy4                  
00005e75  __aeabi_memcpy8                  
00005e7d  abort                            
00005e83  ADC1_IRQHandler                  
00005e83  AES_IRQHandler                   
00005e83  CANFD0_IRQHandler                
00005e83  DAC0_IRQHandler                  
00005e83  DMA_IRQHandler                   
00005e83  Default_Handler                  
00005e83  GROUP0_IRQHandler                
00005e83  GROUP1_IRQHandler                
00005e83  HardFault_Handler                
00005e83  I2C0_IRQHandler                  
00005e83  I2C1_IRQHandler                  
00005e83  NMI_Handler                      
00005e83  PendSV_Handler                   
00005e83  RTC_IRQHandler                   
00005e83  SPI0_IRQHandler                  
00005e83  SPI1_IRQHandler                  
00005e83  SVC_Handler                      
00005e83  SysTick_Handler                  
00005e83  TIMA1_IRQHandler                 
00005e83  TIMG12_IRQHandler                
00005e83  UART2_IRQHandler                 
00005e86  C$$EXIT                          
00005e87  HOSTexit                         
00005e8b  Reset_Handler                    
00005ea1  _system_pre_init                 
00005eb0  asc2_1608                        
000064a0  asc2_0806                        
00006804  __TI_Handler_Table_Base          
00006810  __TI_Handler_Table_Limit         
00006818  __TI_CINIT_Base                  
00006828  __TI_CINIT_Limit                 
00006828  __TI_CINIT_Warm                  
20200000  RX_Packet                        
20200000  __start___llvm_prf_bits          
20200000  __start___llvm_prf_cnts          
20200000  __stop___llvm_prf_bits           
20200000  __stop___llvm_prf_cnts           
202000c3  start_manner                     
202000c4  gMotorBackup                     
20200180  gPWM_BUJIN_YBackup               
2020023c  gEncoder1ABackup                 
202002dc  gPWM_BUJIN_XBackup               
2020037c  s_X_stepPID                      
202003b0  s_Y_stepPID                      
202003e4  s_pid_l                          
20200418  s_pid_r                          
2020044c  v_X_stepPID                      
20200480  v_Y_stepPID                      
202004b4  v_pid_l                          
202004e8  v_pid_r                          
20200520  encoder_l                        
20200550  encoder_r                        
20200580  gUART_3Backup                    
202005b0  stepper_x                        
202005e0  stepper_y                        
20200610  oringinal_data                   
20200638  pid_tr                           
20200660  pid_jy901                        
20200684  Rx_Stp_Data                      
2020069a  Rx_Maxci_Data                    
202006ae  anolag_result                    
202006be  black                            
202006ce  Left_Dir                         
202006d0  car_param                        
202006e0  digital                          
202006f0  real_anolog_result               
20200700  threshould                       
20200710  white                            
20200729  yuntai_state                     
2020072a  Pixel_X                          
2020073c  F_Pulse_X                        
20200740  F_Pulse_Y                        
20200744  MAXCI_tim_cnt_last               
20200748  MAXCI_tim_cnt_now                
2020074c  MAXCI_tim_transfer_interval      
20200750  PWM_L                            
20200754  PWM_R                            
20200758  Rx_Maxci_TransferNum             
2020075c  TASK_TOTAL                       
20200760  Yaw                              
20200764  Yaw_Add                          
20200768  Yaw_Last                         
2020076c  count_project                    
20200770  tr_project_tim_cnt               
20200774  turn_command_num                 
20200778  turn_project_tim_cnt             
2020077c  Pixel_Y                          
2020077e  Right_Dir                        
20200780  dynamics_PID_Param               
202007e0  Calibrate_flag                   
202007e4  EncoderA_Count                   
202007e8  EncoderB_Count                   
202007ec  Pixel_centre_x                   
202007f0  Set_Flag                         
20200810  X_NUM                            
20200814  Y_NUM                            
20200818  Yaw_Target                       
20200820  limit_pos_flag                   
20200828  tr_task4_cnt                     
2020082c  turn_task1_cnt                   
20200833  Rx_Flag                          
20200834  X_complete_Flag                  
20200835  Y_complete_Flag                  
20200837  movement_state                   
20207e00  __stack                          
20208000  __STACK_END                      
ffffffff  __TI_pprof_out_hndl              
ffffffff  __TI_prof_data_size              
ffffffff  __TI_prof_data_start             
ffffffff  __binit__                        
ffffffff  binit                            
UNDEFED   __mpu_init                       
UNDEFED   _system_post_cinit               

[310 symbols]
