<?xml version="1.0" encoding="ISO-8859-1" ?>
<link_info>
   <banner>TI ARM Clang Linker PC v4.0.3.LTS</banner>
   <copyright>Copyright (c) 1996-2018 Texas Instruments Incorporated</copyright>
   <command_line>F:\TI\ccs\tools\compiler\ti-cgt-armllvm_4.0.3.LTS\bin\tiarmlnk -IF:\TI\ccs\tools\compiler\ti-cgt-armllvm_4.0.3.LTS\lib -o empty_LP_MSPM0G3507_nortos_ticlang.out -mempty_LP_MSPM0G3507_nortos_ticlang.map -iF:/TI/mspm0_sdk_2_05_01_00/source -iC:/Users/Lenovo/workspace_ccstheia/empty_LP_MSPM0G3507_nortos_ticlang -iC:/Users/Lenovo/workspace_ccstheia/empty_LP_MSPM0G3507_nortos_ticlang/Debug/syscfg -iF:/TI/ccs/tools/compiler/ti-cgt-armllvm_4.0.3.LTS/lib --diag_wrap=off --display_error_number --warn_sections --xml_link_info=empty_LP_MSPM0G3507_nortos_ticlang_linkInfo.xml --rom_model ./empty.o ./ti_msp_dl_config.o ./startup_mspm0g350x_ticlang.o ./DELAY/Delay.o ./ENCODER/encoder.o ./GANWEI/chase.o ./JYS/JYS.o ./KEY/Key.o ./MAXCI/MAXCI.o ./MOTOR/Motor.o ./OLED/oled.o ./PID_Pack/pid.o ./PID_Pack/pid_app.o ./SINCOS/SINCOS.o ./STEPPER/BUJIN.o ./STP/STP.o ./UART/UART.o -l./device_linker.cmd -ldevice.cmd.genlibs -llibc.a --start-group -llibc++.a -llibc++abi.a -llibc.a -llibsys.a -llibsysbm.a -llibclang_rt.builtins.a -llibclang_rt.profile.a --end-group --cg_opt_level=0</command_line>
   <link_time>0x688df1d0</link_time>
   <link_errors>0x0</link_errors>
   <output_file>C:\Users\Lenovo\workspace_ccstheia\empty_LP_MSPM0G3507_nortos_ticlang\Debug\empty_LP_MSPM0G3507_nortos_ticlang.out</output_file>
   <entry_point>
      <name>_c_int00_noargs</name>
      <address>0x533d</address>
   </entry_point>
   <input_file_list>
      <input_file id="fl-1">
         <path>C:\Users\Lenovo\workspace_ccstheia\empty_LP_MSPM0G3507_nortos_ticlang\Debug\.\</path>
         <kind>object</kind>
         <file>empty.o</file>
         <name>empty.o</name>
      </input_file>
      <input_file id="fl-2">
         <path>C:\Users\Lenovo\workspace_ccstheia\empty_LP_MSPM0G3507_nortos_ticlang\Debug\.\</path>
         <kind>object</kind>
         <file>ti_msp_dl_config.o</file>
         <name>ti_msp_dl_config.o</name>
      </input_file>
      <input_file id="fl-3">
         <path>C:\Users\Lenovo\workspace_ccstheia\empty_LP_MSPM0G3507_nortos_ticlang\Debug\.\</path>
         <kind>object</kind>
         <file>startup_mspm0g350x_ticlang.o</file>
         <name>startup_mspm0g350x_ticlang.o</name>
      </input_file>
      <input_file id="fl-4">
         <path>C:\Users\Lenovo\workspace_ccstheia\empty_LP_MSPM0G3507_nortos_ticlang\Debug\.\DELAY\</path>
         <kind>object</kind>
         <file>Delay.o</file>
         <name>Delay.o</name>
      </input_file>
      <input_file id="fl-5">
         <path>C:\Users\Lenovo\workspace_ccstheia\empty_LP_MSPM0G3507_nortos_ticlang\Debug\.\ENCODER\</path>
         <kind>object</kind>
         <file>encoder.o</file>
         <name>encoder.o</name>
      </input_file>
      <input_file id="fl-6">
         <path>C:\Users\Lenovo\workspace_ccstheia\empty_LP_MSPM0G3507_nortos_ticlang\Debug\.\GANWEI\</path>
         <kind>object</kind>
         <file>chase.o</file>
         <name>chase.o</name>
      </input_file>
      <input_file id="fl-7">
         <path>C:\Users\Lenovo\workspace_ccstheia\empty_LP_MSPM0G3507_nortos_ticlang\Debug\.\JYS\</path>
         <kind>object</kind>
         <file>JYS.o</file>
         <name>JYS.o</name>
      </input_file>
      <input_file id="fl-8">
         <path>C:\Users\Lenovo\workspace_ccstheia\empty_LP_MSPM0G3507_nortos_ticlang\Debug\.\KEY\</path>
         <kind>object</kind>
         <file>Key.o</file>
         <name>Key.o</name>
      </input_file>
      <input_file id="fl-9">
         <path>C:\Users\Lenovo\workspace_ccstheia\empty_LP_MSPM0G3507_nortos_ticlang\Debug\.\MAXCI\</path>
         <kind>object</kind>
         <file>MAXCI.o</file>
         <name>MAXCI.o</name>
      </input_file>
      <input_file id="fl-a">
         <path>C:\Users\Lenovo\workspace_ccstheia\empty_LP_MSPM0G3507_nortos_ticlang\Debug\.\MOTOR\</path>
         <kind>object</kind>
         <file>Motor.o</file>
         <name>Motor.o</name>
      </input_file>
      <input_file id="fl-b">
         <path>C:\Users\Lenovo\workspace_ccstheia\empty_LP_MSPM0G3507_nortos_ticlang\Debug\.\OLED\</path>
         <kind>object</kind>
         <file>oled.o</file>
         <name>oled.o</name>
      </input_file>
      <input_file id="fl-c">
         <path>C:\Users\Lenovo\workspace_ccstheia\empty_LP_MSPM0G3507_nortos_ticlang\Debug\.\PID_Pack\</path>
         <kind>object</kind>
         <file>pid.o</file>
         <name>pid.o</name>
      </input_file>
      <input_file id="fl-d">
         <path>C:\Users\Lenovo\workspace_ccstheia\empty_LP_MSPM0G3507_nortos_ticlang\Debug\.\PID_Pack\</path>
         <kind>object</kind>
         <file>pid_app.o</file>
         <name>pid_app.o</name>
      </input_file>
      <input_file id="fl-e">
         <path>C:\Users\Lenovo\workspace_ccstheia\empty_LP_MSPM0G3507_nortos_ticlang\Debug\.\SINCOS\</path>
         <kind>object</kind>
         <file>SINCOS.o</file>
         <name>SINCOS.o</name>
      </input_file>
      <input_file id="fl-f">
         <path>C:\Users\Lenovo\workspace_ccstheia\empty_LP_MSPM0G3507_nortos_ticlang\Debug\.\STEPPER\</path>
         <kind>object</kind>
         <file>BUJIN.o</file>
         <name>BUJIN.o</name>
      </input_file>
      <input_file id="fl-10">
         <path>C:\Users\Lenovo\workspace_ccstheia\empty_LP_MSPM0G3507_nortos_ticlang\Debug\.\STP\</path>
         <kind>object</kind>
         <file>STP.o</file>
         <name>STP.o</name>
      </input_file>
      <input_file id="fl-11">
         <path>C:\Users\Lenovo\workspace_ccstheia\empty_LP_MSPM0G3507_nortos_ticlang\Debug\.\UART\</path>
         <kind>object</kind>
         <file>UART.o</file>
         <name>UART.o</name>
      </input_file>
      <input_file id="fl-1e">
         <path>C:\Users\Lenovo\workspace_ccstheia\empty_LP_MSPM0G3507_nortos_ticlang\Debug\</path>
         <kind>object</kind>
         <file>&lt;internal&gt;</file>
         <name>&lt;internal&gt;</name>
      </input_file>
      <input_file id="fl-1f">
         <path>F:\TI\mspm0_sdk_2_05_01_00\source\ti\driverlib\lib\ticlang\m0p\mspm0g1x0x_g3x0x\</path>
         <kind>archive</kind>
         <file>driverlib.a</file>
         <name>dl_adc12.o</name>
      </input_file>
      <input_file id="fl-20">
         <path>F:\TI\mspm0_sdk_2_05_01_00\source\ti\driverlib\lib\ticlang\m0p\mspm0g1x0x_g3x0x\</path>
         <kind>archive</kind>
         <file>driverlib.a</file>
         <name>dl_common.o</name>
      </input_file>
      <input_file id="fl-21">
         <path>F:\TI\mspm0_sdk_2_05_01_00\source\ti\driverlib\lib\ticlang\m0p\mspm0g1x0x_g3x0x\</path>
         <kind>archive</kind>
         <file>driverlib.a</file>
         <name>dl_dma.o</name>
      </input_file>
      <input_file id="fl-22">
         <path>F:\TI\mspm0_sdk_2_05_01_00\source\ti\driverlib\lib\ticlang\m0p\mspm0g1x0x_g3x0x\</path>
         <kind>archive</kind>
         <file>driverlib.a</file>
         <name>dl_i2c.o</name>
      </input_file>
      <input_file id="fl-23">
         <path>F:\TI\mspm0_sdk_2_05_01_00\source\ti\driverlib\lib\ticlang\m0p\mspm0g1x0x_g3x0x\</path>
         <kind>archive</kind>
         <file>driverlib.a</file>
         <name>dl_timer.o</name>
      </input_file>
      <input_file id="fl-24">
         <path>F:\TI\mspm0_sdk_2_05_01_00\source\ti\driverlib\lib\ticlang\m0p\mspm0g1x0x_g3x0x\</path>
         <kind>archive</kind>
         <file>driverlib.a</file>
         <name>dl_uart.o</name>
      </input_file>
      <input_file id="fl-3b">
         <path>F:\TI\ccs\tools\compiler\ti-cgt-armllvm_4.0.3.LTS\lib\armv6m-ti-none-eabi\c\</path>
         <kind>archive</kind>
         <file>libc.a</file>
         <name>vsprintf.c.obj</name>
      </input_file>
      <input_file id="fl-3c">
         <path>F:\TI\ccs\tools\compiler\ti-cgt-armllvm_4.0.3.LTS\lib\armv6m-ti-none-eabi\c\</path>
         <kind>archive</kind>
         <file>libc.a</file>
         <name>e_atan2f.c.obj</name>
      </input_file>
      <input_file id="fl-3d">
         <path>F:\TI\ccs\tools\compiler\ti-cgt-armllvm_4.0.3.LTS\lib\armv6m-ti-none-eabi\c\</path>
         <kind>archive</kind>
         <file>libc.a</file>
         <name>s_atanf.c.obj</name>
      </input_file>
      <input_file id="fl-3e">
         <path>F:\TI\ccs\tools\compiler\ti-cgt-armllvm_4.0.3.LTS\lib\armv6m-ti-none-eabi\c\</path>
         <kind>archive</kind>
         <file>libc.a</file>
         <name>s_cosf.c.obj</name>
      </input_file>
      <input_file id="fl-3f">
         <path>F:\TI\ccs\tools\compiler\ti-cgt-armllvm_4.0.3.LTS\lib\armv6m-ti-none-eabi\c\</path>
         <kind>archive</kind>
         <file>libc.a</file>
         <name>s_sinf.c.obj</name>
      </input_file>
      <input_file id="fl-40">
         <path>F:\TI\ccs\tools\compiler\ti-cgt-armllvm_4.0.3.LTS\lib\armv6m-ti-none-eabi\c\</path>
         <kind>archive</kind>
         <file>libc.a</file>
         <name>k_rem_pio2.c.obj</name>
      </input_file>
      <input_file id="fl-41">
         <path>F:\TI\ccs\tools\compiler\ti-cgt-armllvm_4.0.3.LTS\lib\armv6m-ti-none-eabi\c\</path>
         <kind>archive</kind>
         <file>libc.a</file>
         <name>boot_cortex_m.c.obj</name>
      </input_file>
      <input_file id="fl-42">
         <path>F:\TI\ccs\tools\compiler\ti-cgt-armllvm_4.0.3.LTS\lib\armv6m-ti-none-eabi\c\</path>
         <kind>archive</kind>
         <file>libc.a</file>
         <name>mathacl_init.c.obj</name>
      </input_file>
      <input_file id="fl-43">
         <path>F:\TI\ccs\tools\compiler\ti-cgt-armllvm_4.0.3.LTS\lib\armv6m-ti-none-eabi\c\</path>
         <kind>archive</kind>
         <file>libc.a</file>
         <name>autoinit.c.obj</name>
      </input_file>
      <input_file id="fl-44">
         <path>F:\TI\ccs\tools\compiler\ti-cgt-armllvm_4.0.3.LTS\lib\armv6m-ti-none-eabi\c\</path>
         <kind>archive</kind>
         <file>libc.a</file>
         <name>pre_init.c.obj</name>
      </input_file>
      <input_file id="fl-45">
         <path>F:\TI\ccs\tools\compiler\ti-cgt-armllvm_4.0.3.LTS\lib\armv6m-ti-none-eabi\c\</path>
         <kind>archive</kind>
         <file>libc.a</file>
         <name>cpy_tbl.c.obj</name>
      </input_file>
      <input_file id="fl-46">
         <path>F:\TI\ccs\tools\compiler\ti-cgt-armllvm_4.0.3.LTS\lib\armv6m-ti-none-eabi\c\</path>
         <kind>archive</kind>
         <file>libc.a</file>
         <name>copy_zero_init.c.obj</name>
      </input_file>
      <input_file id="fl-47">
         <path>F:\TI\ccs\tools\compiler\ti-cgt-armllvm_4.0.3.LTS\lib\armv6m-ti-none-eabi\c\</path>
         <kind>archive</kind>
         <file>libc.a</file>
         <name>copy_decompress_none.c.obj</name>
      </input_file>
      <input_file id="fl-48">
         <path>F:\TI\ccs\tools\compiler\ti-cgt-armllvm_4.0.3.LTS\lib\armv6m-ti-none-eabi\c\</path>
         <kind>archive</kind>
         <file>libc.a</file>
         <name>copy_decompress_lzss.c.obj</name>
      </input_file>
      <input_file id="fl-49">
         <path>F:\TI\ccs\tools\compiler\ti-cgt-armllvm_4.0.3.LTS\lib\armv6m-ti-none-eabi\c\</path>
         <kind>archive</kind>
         <file>libc.a</file>
         <name>_printfi.c.obj</name>
      </input_file>
      <input_file id="fl-4a">
         <path>F:\TI\ccs\tools\compiler\ti-cgt-armllvm_4.0.3.LTS\lib\armv6m-ti-none-eabi\c\</path>
         <kind>archive</kind>
         <file>libc.a</file>
         <name>s_floor.c.obj</name>
      </input_file>
      <input_file id="fl-4b">
         <path>F:\TI\ccs\tools\compiler\ti-cgt-armllvm_4.0.3.LTS\lib\armv6m-ti-none-eabi\c\</path>
         <kind>archive</kind>
         <file>libc.a</file>
         <name>s_frexp.c.obj</name>
      </input_file>
      <input_file id="fl-4c">
         <path>F:\TI\ccs\tools\compiler\ti-cgt-armllvm_4.0.3.LTS\lib\armv6m-ti-none-eabi\c\</path>
         <kind>archive</kind>
         <file>libc.a</file>
         <name>s_scalbn.c.obj</name>
      </input_file>
      <input_file id="fl-4d">
         <path>F:\TI\ccs\tools\compiler\ti-cgt-armllvm_4.0.3.LTS\lib\armv6m-ti-none-eabi\c\</path>
         <kind>archive</kind>
         <file>libc.a</file>
         <name>wcslen.c.obj</name>
      </input_file>
      <input_file id="fl-4e">
         <path>F:\TI\ccs\tools\compiler\ti-cgt-armllvm_4.0.3.LTS\lib\armv6m-ti-none-eabi\c\</path>
         <kind>archive</kind>
         <file>libc.a</file>
         <name>aeabi_portable.c.obj</name>
      </input_file>
      <input_file id="fl-4f">
         <path>F:\TI\ccs\tools\compiler\ti-cgt-armllvm_4.0.3.LTS\lib\armv6m-ti-none-eabi\c\</path>
         <kind>archive</kind>
         <file>libc.a</file>
         <name>exit.c.obj</name>
      </input_file>
      <input_file id="fl-50">
         <path>F:\TI\ccs\tools\compiler\ti-cgt-armllvm_4.0.3.LTS\lib\armv6m-ti-none-eabi\c\</path>
         <kind>archive</kind>
         <file>libc.a</file>
         <name>_lock.c.obj</name>
      </input_file>
      <input_file id="fl-51">
         <path>F:\TI\ccs\tools\compiler\ti-cgt-armllvm_4.0.3.LTS\lib\armv6m-ti-none-eabi\c\</path>
         <kind>archive</kind>
         <file>libc.a</file>
         <name>_ltoa.c.obj</name>
      </input_file>
      <input_file id="fl-52">
         <path>F:\TI\ccs\tools\compiler\ti-cgt-armllvm_4.0.3.LTS\lib\armv6m-ti-none-eabi\c\</path>
         <kind>archive</kind>
         <file>libc.a</file>
         <name>args_main.c.obj</name>
      </input_file>
      <input_file id="fl-53">
         <path>F:\TI\ccs\tools\compiler\ti-cgt-armllvm_4.0.3.LTS\lib\armv6m-ti-none-eabi\c\</path>
         <kind>archive</kind>
         <file>libc.a</file>
         <name>assert.c.obj</name>
      </input_file>
      <input_file id="fl-54">
         <path>F:\TI\ccs\tools\compiler\ti-cgt-armllvm_4.0.3.LTS\lib\armv6m-ti-none-eabi\c\</path>
         <kind>archive</kind>
         <file>libc.a</file>
         <name>atoi.c.obj</name>
      </input_file>
      <input_file id="fl-55">
         <path>F:\TI\ccs\tools\compiler\ti-cgt-armllvm_4.0.3.LTS\lib\armv6m-ti-none-eabi\c\</path>
         <kind>archive</kind>
         <file>libc.a</file>
         <name>defs.c.obj</name>
      </input_file>
      <input_file id="fl-56">
         <path>F:\TI\ccs\tools\compiler\ti-cgt-armllvm_4.0.3.LTS\lib\armv6m-ti-none-eabi\c\</path>
         <kind>archive</kind>
         <file>libc.a</file>
         <name>memccpy.c.obj</name>
      </input_file>
      <input_file id="fl-57">
         <path>F:\TI\ccs\tools\compiler\ti-cgt-armllvm_4.0.3.LTS\lib\armv6m-ti-none-eabi\c\</path>
         <kind>archive</kind>
         <file>libc.a</file>
         <name>memory.c.obj</name>
      </input_file>
      <input_file id="fl-58">
         <path>F:\TI\ccs\tools\compiler\ti-cgt-armllvm_4.0.3.LTS\lib\armv6m-ti-none-eabi\c\</path>
         <kind>archive</kind>
         <file>libc.a</file>
         <name>sprintf.c.obj</name>
      </input_file>
      <input_file id="fl-59">
         <path>F:\TI\ccs\tools\compiler\ti-cgt-armllvm_4.0.3.LTS\lib\armv6m-ti-none-eabi\c\</path>
         <kind>archive</kind>
         <file>libc.a</file>
         <name>fflush.c.obj</name>
      </input_file>
      <input_file id="fl-5a">
         <path>F:\TI\ccs\tools\compiler\ti-cgt-armllvm_4.0.3.LTS\lib\armv6m-ti-none-eabi\c\</path>
         <kind>archive</kind>
         <file>libc.a</file>
         <name>fputs.c.obj</name>
      </input_file>
      <input_file id="fl-5b">
         <path>F:\TI\ccs\tools\compiler\ti-cgt-armllvm_4.0.3.LTS\lib\armv6m-ti-none-eabi\c\</path>
         <kind>archive</kind>
         <file>libc.a</file>
         <name>_io_perm.c.obj</name>
      </input_file>
      <input_file id="fl-5c">
         <path>F:\TI\ccs\tools\compiler\ti-cgt-armllvm_4.0.3.LTS\lib\armv6m-ti-none-eabi\c\</path>
         <kind>archive</kind>
         <file>libc.a</file>
         <name>setvbuf.c.obj</name>
      </input_file>
      <input_file id="fl-5d">
         <path>F:\TI\ccs\tools\compiler\ti-cgt-armllvm_4.0.3.LTS\lib\armv6m-ti-none-eabi\c\</path>
         <kind>archive</kind>
         <file>libc.a</file>
         <name>aeabi_ctype.S.obj</name>
      </input_file>
      <input_file id="fl-5e">
         <path>F:\TI\ccs\tools\compiler\ti-cgt-armllvm_4.0.3.LTS\lib\armv6m-ti-none-eabi\c\</path>
         <kind>archive</kind>
         <file>libc.a</file>
         <name>fopen.c.obj</name>
      </input_file>
      <input_file id="fl-5f">
         <path>F:\TI\ccs\tools\compiler\ti-cgt-armllvm_4.0.3.LTS\lib\armv6m-ti-none-eabi\c\</path>
         <kind>archive</kind>
         <file>libc.a</file>
         <name>fseek.c.obj</name>
      </input_file>
      <input_file id="fl-60">
         <path>F:\TI\ccs\tools\compiler\ti-cgt-armllvm_4.0.3.LTS\lib\armv6m-ti-none-eabi\c\</path>
         <kind>archive</kind>
         <file>libc.a</file>
         <name>fclose.c.obj</name>
      </input_file>
      <input_file id="fl-100">
         <path>F:\TI\ccs\tools\compiler\ti-cgt-armllvm_4.0.3.LTS\lib\armv6m-ti-none-eabi\c\</path>
         <kind>archive</kind>
         <file>libsysbm.a</file>
         <name>hostexit.c.obj</name>
      </input_file>
      <input_file id="fl-101">
         <path>F:\TI\ccs\tools\compiler\ti-cgt-armllvm_4.0.3.LTS\lib\armv6m-ti-none-eabi\c\</path>
         <kind>archive</kind>
         <file>libsysbm.a</file>
         <name>write.c.obj</name>
      </input_file>
      <input_file id="fl-102">
         <path>F:\TI\ccs\tools\compiler\ti-cgt-armllvm_4.0.3.LTS\lib\armv6m-ti-none-eabi\c\</path>
         <kind>archive</kind>
         <file>libsysbm.a</file>
         <name>host_device.c.obj</name>
      </input_file>
      <input_file id="fl-103">
         <path>F:\TI\ccs\tools\compiler\ti-cgt-armllvm_4.0.3.LTS\lib\armv6m-ti-none-eabi\c\</path>
         <kind>archive</kind>
         <file>libsysbm.a</file>
         <name>remove.c.obj</name>
      </input_file>
      <input_file id="fl-104">
         <path>F:\TI\ccs\tools\compiler\ti-cgt-armllvm_4.0.3.LTS\lib\armv6m-ti-none-eabi\c\</path>
         <kind>archive</kind>
         <file>libsysbm.a</file>
         <name>open.c.obj</name>
      </input_file>
      <input_file id="fl-105">
         <path>F:\TI\ccs\tools\compiler\ti-cgt-armllvm_4.0.3.LTS\lib\armv6m-ti-none-eabi\c\</path>
         <kind>archive</kind>
         <file>libsysbm.a</file>
         <name>lseek.c.obj</name>
      </input_file>
      <input_file id="fl-106">
         <path>F:\TI\ccs\tools\compiler\ti-cgt-armllvm_4.0.3.LTS\lib\armv6m-ti-none-eabi\c\</path>
         <kind>archive</kind>
         <file>libsysbm.a</file>
         <name>close.c.obj</name>
      </input_file>
      <input_file id="fl-107">
         <path>F:\TI\ccs\tools\compiler\ti-cgt-armllvm_4.0.3.LTS\lib\armv6m-ti-none-eabi\c\</path>
         <kind>archive</kind>
         <file>libsysbm.a</file>
         <name>unlink.c.obj</name>
      </input_file>
      <input_file id="fl-108">
         <path>F:\TI\ccs\tools\compiler\ti-cgt-armllvm_4.0.3.LTS\lib\armv6m-ti-none-eabi\c\</path>
         <kind>archive</kind>
         <file>libsysbm.a</file>
         <name>hostclose.c.obj</name>
      </input_file>
      <input_file id="fl-109">
         <path>F:\TI\ccs\tools\compiler\ti-cgt-armllvm_4.0.3.LTS\lib\armv6m-ti-none-eabi\c\</path>
         <kind>archive</kind>
         <file>libsysbm.a</file>
         <name>hostlseek.c.obj</name>
      </input_file>
      <input_file id="fl-10a">
         <path>F:\TI\ccs\tools\compiler\ti-cgt-armllvm_4.0.3.LTS\lib\armv6m-ti-none-eabi\c\</path>
         <kind>archive</kind>
         <file>libsysbm.a</file>
         <name>hostopen.c.obj</name>
      </input_file>
      <input_file id="fl-10b">
         <path>F:\TI\ccs\tools\compiler\ti-cgt-armllvm_4.0.3.LTS\lib\armv6m-ti-none-eabi\c\</path>
         <kind>archive</kind>
         <file>libsysbm.a</file>
         <name>hostread.c.obj</name>
      </input_file>
      <input_file id="fl-10c">
         <path>F:\TI\ccs\tools\compiler\ti-cgt-armllvm_4.0.3.LTS\lib\armv6m-ti-none-eabi\c\</path>
         <kind>archive</kind>
         <file>libsysbm.a</file>
         <name>hostrename.c.obj</name>
      </input_file>
      <input_file id="fl-10d">
         <path>F:\TI\ccs\tools\compiler\ti-cgt-armllvm_4.0.3.LTS\lib\armv6m-ti-none-eabi\c\</path>
         <kind>archive</kind>
         <file>libsysbm.a</file>
         <name>hostunlink.c.obj</name>
      </input_file>
      <input_file id="fl-10e">
         <path>F:\TI\ccs\tools\compiler\ti-cgt-armllvm_4.0.3.LTS\lib\armv6m-ti-none-eabi\c\</path>
         <kind>archive</kind>
         <file>libsysbm.a</file>
         <name>hostwrite.c.obj</name>
      </input_file>
      <input_file id="fl-10f">
         <path>F:\TI\ccs\tools\compiler\ti-cgt-armllvm_4.0.3.LTS\lib\armv6m-ti-none-eabi\c\</path>
         <kind>archive</kind>
         <file>libsysbm.a</file>
         <name>trgmsg.c.obj</name>
      </input_file>
      <input_file id="fl-110">
         <path>F:\TI\ccs\tools\compiler\ti-cgt-armllvm_4.0.3.LTS\lib\armv6m-ti-none-eabi\</path>
         <kind>archive</kind>
         <file>libclang_rt.builtins.a</file>
         <name>addsf3.S.obj</name>
      </input_file>
      <input_file id="fl-111">
         <path>F:\TI\ccs\tools\compiler\ti-cgt-armllvm_4.0.3.LTS\lib\armv6m-ti-none-eabi\</path>
         <kind>archive</kind>
         <file>libclang_rt.builtins.a</file>
         <name>adddf3.S.obj</name>
      </input_file>
      <input_file id="fl-112">
         <path>F:\TI\ccs\tools\compiler\ti-cgt-armllvm_4.0.3.LTS\lib\armv6m-ti-none-eabi\</path>
         <kind>archive</kind>
         <file>libclang_rt.builtins.a</file>
         <name>muldf3.S.obj</name>
      </input_file>
      <input_file id="fl-113">
         <path>F:\TI\ccs\tools\compiler\ti-cgt-armllvm_4.0.3.LTS\lib\armv6m-ti-none-eabi\</path>
         <kind>archive</kind>
         <file>libclang_rt.builtins.a</file>
         <name>muldsi3.S.obj</name>
      </input_file>
      <input_file id="fl-114">
         <path>F:\TI\ccs\tools\compiler\ti-cgt-armllvm_4.0.3.LTS\lib\armv6m-ti-none-eabi\</path>
         <kind>archive</kind>
         <file>libclang_rt.builtins.a</file>
         <name>mulsf3.S.obj</name>
      </input_file>
      <input_file id="fl-115">
         <path>F:\TI\ccs\tools\compiler\ti-cgt-armllvm_4.0.3.LTS\lib\armv6m-ti-none-eabi\</path>
         <kind>archive</kind>
         <file>libclang_rt.builtins.a</file>
         <name>divsf3.S.obj</name>
      </input_file>
      <input_file id="fl-116">
         <path>F:\TI\ccs\tools\compiler\ti-cgt-armllvm_4.0.3.LTS\lib\armv6m-ti-none-eabi\</path>
         <kind>archive</kind>
         <file>libclang_rt.builtins.a</file>
         <name>divdf3.S.obj</name>
      </input_file>
      <input_file id="fl-117">
         <path>F:\TI\ccs\tools\compiler\ti-cgt-armllvm_4.0.3.LTS\lib\armv6m-ti-none-eabi\</path>
         <kind>archive</kind>
         <file>libclang_rt.builtins.a</file>
         <name>extendsfdf2.S.obj</name>
      </input_file>
      <input_file id="fl-118">
         <path>F:\TI\ccs\tools\compiler\ti-cgt-armllvm_4.0.3.LTS\lib\armv6m-ti-none-eabi\</path>
         <kind>archive</kind>
         <file>libclang_rt.builtins.a</file>
         <name>fixdfsi.S.obj</name>
      </input_file>
      <input_file id="fl-119">
         <path>F:\TI\ccs\tools\compiler\ti-cgt-armllvm_4.0.3.LTS\lib\armv6m-ti-none-eabi\</path>
         <kind>archive</kind>
         <file>libclang_rt.builtins.a</file>
         <name>fixsfsi.S.obj</name>
      </input_file>
      <input_file id="fl-11a">
         <path>F:\TI\ccs\tools\compiler\ti-cgt-armllvm_4.0.3.LTS\lib\armv6m-ti-none-eabi\</path>
         <kind>archive</kind>
         <file>libclang_rt.builtins.a</file>
         <name>fixunsdfsi.S.obj</name>
      </input_file>
      <input_file id="fl-11b">
         <path>F:\TI\ccs\tools\compiler\ti-cgt-armllvm_4.0.3.LTS\lib\armv6m-ti-none-eabi\</path>
         <kind>archive</kind>
         <file>libclang_rt.builtins.a</file>
         <name>fixunssfsi.S.obj</name>
      </input_file>
      <input_file id="fl-11c">
         <path>F:\TI\ccs\tools\compiler\ti-cgt-armllvm_4.0.3.LTS\lib\armv6m-ti-none-eabi\</path>
         <kind>archive</kind>
         <file>libclang_rt.builtins.a</file>
         <name>floatdidf.S.obj</name>
      </input_file>
      <input_file id="fl-11d">
         <path>F:\TI\ccs\tools\compiler\ti-cgt-armllvm_4.0.3.LTS\lib\armv6m-ti-none-eabi\</path>
         <kind>archive</kind>
         <file>libclang_rt.builtins.a</file>
         <name>floatsidf.S.obj</name>
      </input_file>
      <input_file id="fl-11e">
         <path>F:\TI\ccs\tools\compiler\ti-cgt-armllvm_4.0.3.LTS\lib\armv6m-ti-none-eabi\</path>
         <kind>archive</kind>
         <file>libclang_rt.builtins.a</file>
         <name>floatsisf.S.obj</name>
      </input_file>
      <input_file id="fl-11f">
         <path>F:\TI\ccs\tools\compiler\ti-cgt-armllvm_4.0.3.LTS\lib\armv6m-ti-none-eabi\</path>
         <kind>archive</kind>
         <file>libclang_rt.builtins.a</file>
         <name>floatunsisf.S.obj</name>
      </input_file>
      <input_file id="fl-120">
         <path>F:\TI\ccs\tools\compiler\ti-cgt-armllvm_4.0.3.LTS\lib\armv6m-ti-none-eabi\</path>
         <kind>archive</kind>
         <file>libclang_rt.builtins.a</file>
         <name>muldi3.S.obj</name>
      </input_file>
      <input_file id="fl-121">
         <path>F:\TI\ccs\tools\compiler\ti-cgt-armllvm_4.0.3.LTS\lib\armv6m-ti-none-eabi\</path>
         <kind>archive</kind>
         <file>libclang_rt.builtins.a</file>
         <name>truncdfsf2.S.obj</name>
      </input_file>
      <input_file id="fl-122">
         <path>F:\TI\ccs\tools\compiler\ti-cgt-armllvm_4.0.3.LTS\lib\armv6m-ti-none-eabi\</path>
         <kind>archive</kind>
         <file>libclang_rt.builtins.a</file>
         <name>aeabi_dcmp.S.obj</name>
      </input_file>
      <input_file id="fl-123">
         <path>F:\TI\ccs\tools\compiler\ti-cgt-armllvm_4.0.3.LTS\lib\armv6m-ti-none-eabi\</path>
         <kind>archive</kind>
         <file>libclang_rt.builtins.a</file>
         <name>aeabi_fcmp.S.obj</name>
      </input_file>
      <input_file id="fl-124">
         <path>F:\TI\ccs\tools\compiler\ti-cgt-armllvm_4.0.3.LTS\lib\armv6m-ti-none-eabi\</path>
         <kind>archive</kind>
         <file>libclang_rt.builtins.a</file>
         <name>aeabi_idivmod.S.obj</name>
      </input_file>
      <input_file id="fl-125">
         <path>F:\TI\ccs\tools\compiler\ti-cgt-armllvm_4.0.3.LTS\lib\armv6m-ti-none-eabi\</path>
         <kind>archive</kind>
         <file>libclang_rt.builtins.a</file>
         <name>aeabi_ldivmod.S.obj</name>
      </input_file>
      <input_file id="fl-126">
         <path>F:\TI\ccs\tools\compiler\ti-cgt-armllvm_4.0.3.LTS\lib\armv6m-ti-none-eabi\</path>
         <kind>archive</kind>
         <file>libclang_rt.builtins.a</file>
         <name>aeabi_memcpy.S.obj</name>
      </input_file>
      <input_file id="fl-127">
         <path>F:\TI\ccs\tools\compiler\ti-cgt-armllvm_4.0.3.LTS\lib\armv6m-ti-none-eabi\</path>
         <kind>archive</kind>
         <file>libclang_rt.builtins.a</file>
         <name>aeabi_memset.S.obj</name>
      </input_file>
      <input_file id="fl-128">
         <path>F:\TI\ccs\tools\compiler\ti-cgt-armllvm_4.0.3.LTS\lib\armv6m-ti-none-eabi\</path>
         <kind>archive</kind>
         <file>libclang_rt.builtins.a</file>
         <name>aeabi_uidivmod.S.obj</name>
      </input_file>
      <input_file id="fl-129">
         <path>F:\TI\ccs\tools\compiler\ti-cgt-armllvm_4.0.3.LTS\lib\armv6m-ti-none-eabi\</path>
         <kind>archive</kind>
         <file>libclang_rt.builtins.a</file>
         <name>aeabi_uldivmod.S.obj</name>
      </input_file>
      <input_file id="fl-12a">
         <path>F:\TI\ccs\tools\compiler\ti-cgt-armllvm_4.0.3.LTS\lib\armv6m-ti-none-eabi\</path>
         <kind>archive</kind>
         <file>libclang_rt.builtins.a</file>
         <name>comparesf2.S.obj</name>
      </input_file>
      <input_file id="fl-12b">
         <path>F:\TI\ccs\tools\compiler\ti-cgt-armllvm_4.0.3.LTS\lib\armv6m-ti-none-eabi\</path>
         <kind>archive</kind>
         <file>libclang_rt.builtins.a</file>
         <name>udivmoddi4.S.obj</name>
      </input_file>
      <input_file id="fl-12c">
         <path>F:\TI\ccs\tools\compiler\ti-cgt-armllvm_4.0.3.LTS\lib\armv6m-ti-none-eabi\</path>
         <kind>archive</kind>
         <file>libclang_rt.builtins.a</file>
         <name>ashldi3.S.obj</name>
      </input_file>
      <input_file id="fl-12d">
         <path>F:\TI\ccs\tools\compiler\ti-cgt-armllvm_4.0.3.LTS\lib\armv6m-ti-none-eabi\</path>
         <kind>archive</kind>
         <file>libclang_rt.builtins.a</file>
         <name>comparedf2.c.obj</name>
      </input_file>
      <input_file id="fl-12e">
         <path>F:\TI\ccs\tools\compiler\ti-cgt-armllvm_4.0.3.LTS\lib\armv6m-ti-none-eabi\</path>
         <kind>archive</kind>
         <file>libclang_rt.builtins.a</file>
         <name>divmoddi4.c.obj</name>
      </input_file>
      <input_file id="fl-12f">
         <path>F:\TI\ccs\tools\compiler\ti-cgt-armllvm_4.0.3.LTS\lib\armv6m-ti-none-eabi\</path>
         <kind>archive</kind>
         <file>libclang_rt.builtins.a</file>
         <name>aeabi_div0.c.obj</name>
      </input_file>
      <input_file id="fl-130">
         <path>F:\TI\ccs\tools\compiler\ti-cgt-armllvm_4.0.3.LTS\lib\armv6m-ti-none-eabi\c\</path>
         <kind>archive</kind>
         <file>libc.a</file>
         <name>getdevice.c.obj</name>
      </input_file>
      <input_file id="fl-131">
         <path>F:\TI\ccs\tools\compiler\ti-cgt-armllvm_4.0.3.LTS\lib\armv6m-ti-none-eabi\c\</path>
         <kind>archive</kind>
         <file>libc.a</file>
         <name>memcpy16.S.obj</name>
      </input_file>
      <input_file id="fl-132">
         <path>F:\TI\ccs\tools\compiler\ti-cgt-armllvm_4.0.3.LTS\lib\armv6m-ti-none-eabi\c\</path>
         <kind>archive</kind>
         <file>libc.a</file>
         <name>memset16.S.obj</name>
      </input_file>
      <input_file id="fl-133">
         <path>F:\TI\ccs\tools\compiler\ti-cgt-armllvm_4.0.3.LTS\lib\armv6m-ti-none-eabi\c\</path>
         <kind>archive</kind>
         <file>libc.a</file>
         <name>strcmp-armv6m.S.obj</name>
      </input_file>
   </input_file_list>
   <object_component_list>
      <object_component id="oc-18">
         <name>.intvecs</name>
         <load_address>0x0</load_address>
         <readonly>true</readonly>
         <run_address>0x0</run_address>
         <size>0xc0</size>
         <alignment>0x4</alignment>
         <input_file_ref idref="fl-3"/>
      </object_component>
      <object_component id="oc-16f">
         <name>.text.TASK4_MAIN</name>
         <load_address>0xc0</load_address>
         <readonly>true</readonly>
         <executable>true</executable>
         <run_address>0xc0</run_address>
         <size>0x38c</size>
         <alignment>0x4</alignment>
         <input_file_ref idref="fl-1"/>
      </object_component>
      <object_component id="oc-16e">
         <name>.text.TASK3_MAIN</name>
         <load_address>0x44c</load_address>
         <readonly>true</readonly>
         <executable>true</executable>
         <run_address>0x44c</run_address>
         <size>0x2d8</size>
         <alignment>0x4</alignment>
         <input_file_ref idref="fl-1"/>
      </object_component>
      <object_component id="oc-16d">
         <name>.text.TASK2_MAIN</name>
         <load_address>0x724</load_address>
         <readonly>true</readonly>
         <executable>true</executable>
         <run_address>0x724</run_address>
         <size>0x2a4</size>
         <alignment>0x4</alignment>
         <input_file_ref idref="fl-1"/>
      </object_component>
      <object_component id="oc-1fe">
         <name>.text.SYSCFG_DL_GPIO_init</name>
         <load_address>0x9c8</load_address>
         <readonly>true</readonly>
         <executable>true</executable>
         <run_address>0x9c8</run_address>
         <size>0x260</size>
         <alignment>0x4</alignment>
         <input_file_ref idref="fl-2"/>
      </object_component>
      <object_component id="oc-48">
         <name>.text.UART0_IRQHandler</name>
         <load_address>0xc28</load_address>
         <readonly>true</readonly>
         <executable>true</executable>
         <run_address>0xc28</run_address>
         <size>0x218</size>
         <alignment>0x4</alignment>
         <input_file_ref idref="fl-1"/>
      </object_component>
      <object_component id="oc-16c">
         <name>.text.TASK1_MAIN</name>
         <load_address>0xe40</load_address>
         <readonly>true</readonly>
         <executable>true</executable>
         <run_address>0xe40</run_address>
         <size>0x200</size>
         <alignment>0x4</alignment>
         <input_file_ref idref="fl-1"/>
      </object_component>
      <object_component id="oc-25d">
         <name>.text.pid_gawei_output</name>
         <load_address>0x1040</load_address>
         <readonly>true</readonly>
         <executable>true</executable>
         <run_address>0x1040</run_address>
         <size>0x1fc</size>
         <alignment>0x4</alignment>
         <input_file_ref idref="fl-6"/>
      </object_component>
      <object_component id="oc-43">
         <name>.text.UART1_IRQHandler</name>
         <load_address>0x123c</load_address>
         <readonly>true</readonly>
         <executable>true</executable>
         <run_address>0x123c</run_address>
         <size>0x1a8</size>
         <alignment>0x4</alignment>
         <input_file_ref idref="fl-7"/>
      </object_component>
      <object_component id="oc-39">
         <name>.text.UART3_IRQHandler</name>
         <load_address>0x13e4</load_address>
         <readonly>true</readonly>
         <executable>true</executable>
         <run_address>0x13e4</run_address>
         <size>0x194</size>
         <alignment>0x4</alignment>
         <input_file_ref idref="fl-10"/>
      </object_component>
      <object_component id="oc-1d4">
         <name>.text.adddf3_subdf3</name>
         <load_address>0x1578</load_address>
         <readonly>true</readonly>
         <executable>true</executable>
         <run_address>0x1578</run_address>
         <size>0x192</size>
         <alignment>0x4</alignment>
         <input_file_ref idref="fl-111"/>
      </object_component>
      <object_component id="oc-191">
         <name>.text.__aeabi_idiv0</name>
         <load_address>0x170a</load_address>
         <readonly>true</readonly>
         <executable>true</executable>
         <run_address>0x170a</run_address>
         <size>0x2</size>
         <alignment>0x2</alignment>
         <input_file_ref idref="fl-12f"/>
      </object_component>
      <object_component id="oc-133">
         <name>.text.encoder_update</name>
         <load_address>0x170c</load_address>
         <readonly>true</readonly>
         <executable>true</executable>
         <run_address>0x170c</run_address>
         <size>0x180</size>
         <alignment>0x4</alignment>
         <input_file_ref idref="fl-5"/>
      </object_component>
      <object_component id="oc-261">
         <name>.text.update_PID</name>
         <load_address>0x188c</load_address>
         <readonly>true</readonly>
         <executable>true</executable>
         <run_address>0x188c</run_address>
         <size>0x17c</size>
         <alignment>0x2</alignment>
         <input_file_ref idref="fl-c"/>
      </object_component>
      <object_component id="oc-e2">
         <name>.text.TASK4_IT</name>
         <load_address>0x1a08</load_address>
         <readonly>true</readonly>
         <executable>true</executable>
         <run_address>0x1a08</run_address>
         <size>0x164</size>
         <alignment>0x4</alignment>
         <input_file_ref idref="fl-1"/>
      </object_component>
      <object_component id="oc-151">
         <name>.text.Task4_tr_detect_90_over</name>
         <load_address>0x1b6c</load_address>
         <readonly>true</readonly>
         <executable>true</executable>
         <run_address>0x1b6c</run_address>
         <size>0x154</size>
         <alignment>0x4</alignment>
         <input_file_ref idref="fl-1"/>
      </object_component>
      <object_component id="oc-9d">
         <name>.text.adc_getvalue</name>
         <load_address>0x1cc0</load_address>
         <readonly>true</readonly>
         <executable>true</executable>
         <run_address>0x1cc0</run_address>
         <size>0x13c</size>
         <alignment>0x4</alignment>
         <input_file_ref idref="fl-6"/>
      </object_component>
      <object_component id="oc-167">
         <name>.text.Key_Detect_Task</name>
         <load_address>0x1dfc</load_address>
         <readonly>true</readonly>
         <executable>true</executable>
         <run_address>0x1dfc</run_address>
         <size>0x12c</size>
         <alignment>0x2</alignment>
         <input_file_ref idref="fl-8"/>
      </object_component>
      <object_component id="oc-218">
         <name>.text.Key_Task1_CircleNum</name>
         <load_address>0x1f28</load_address>
         <readonly>true</readonly>
         <executable>true</executable>
         <run_address>0x1f28</run_address>
         <size>0x12c</size>
         <alignment>0x2</alignment>
         <input_file_ref idref="fl-8"/>
      </object_component>
      <object_component id="oc-29b">
         <name>.text.DL_Timer_initCaptureMode</name>
         <load_address>0x2054</load_address>
         <readonly>true</readonly>
         <executable>true</executable>
         <run_address>0x2054</run_address>
         <size>0x11c</size>
         <alignment>0x4</alignment>
         <input_file_ref idref="fl-23"/>
      </object_component>
      <object_component id="oc-113">
         <name>.text.OLED_ShowChar</name>
         <load_address>0x2170</load_address>
         <readonly>true</readonly>
         <executable>true</executable>
         <run_address>0x2170</run_address>
         <size>0x118</size>
         <alignment>0x4</alignment>
         <input_file_ref idref="fl-b"/>
      </object_component>
      <object_component id="oc-84">
         <name>.text.__divdf3</name>
         <load_address>0x2288</load_address>
         <readonly>true</readonly>
         <executable>true</executable>
         <run_address>0x2288</run_address>
         <size>0x10c</size>
         <alignment>0x4</alignment>
         <input_file_ref idref="fl-116"/>
      </object_component>
      <object_component id="oc-28d">
         <name>.text.DL_Timer_initFourCCPWMMode</name>
         <load_address>0x2394</load_address>
         <readonly>true</readonly>
         <executable>true</executable>
         <run_address>0x2394</run_address>
         <size>0x104</size>
         <alignment>0x4</alignment>
         <input_file_ref idref="fl-23"/>
      </object_component>
      <object_component id="oc-165">
         <name>.text.OLED_Init</name>
         <load_address>0x2498</load_address>
         <readonly>true</readonly>
         <executable>true</executable>
         <run_address>0x2498</run_address>
         <size>0xfa</size>
         <alignment>0x2</alignment>
         <input_file_ref idref="fl-b"/>
      </object_component>
      <object_component id="oc-307">
         <name>.text.__aeabi_ldiv0</name>
         <load_address>0x2592</load_address>
         <readonly>true</readonly>
         <executable>true</executable>
         <run_address>0x2592</run_address>
         <size>0x2</size>
         <alignment>0x2</alignment>
         <input_file_ref idref="fl-12f"/>
      </object_component>
      <object_component id="oc-1fd">
         <name>.text.SYSCFG_DL_initPower</name>
         <load_address>0x2594</load_address>
         <readonly>true</readonly>
         <executable>true</executable>
         <run_address>0x2594</run_address>
         <size>0xf8</size>
         <alignment>0x4</alignment>
         <input_file_ref idref="fl-2"/>
      </object_component>
      <object_component id="oc-92">
         <name>.text.OLED_ShowNum</name>
         <load_address>0x268c</load_address>
         <readonly>true</readonly>
         <executable>true</executable>
         <run_address>0x268c</run_address>
         <size>0xf6</size>
         <alignment>0x2</alignment>
         <input_file_ref idref="fl-b"/>
      </object_component>
      <object_component id="oc-153">
         <name>.text.Task4_ganwei_turn</name>
         <load_address>0x2784</load_address>
         <readonly>true</readonly>
         <executable>true</executable>
         <run_address>0x2784</run_address>
         <size>0xf0</size>
         <alignment>0x4</alignment>
         <input_file_ref idref="fl-1"/>
      </object_component>
      <object_component id="oc-2a0">
         <name>.text.DL_Timer_initTimerMode</name>
         <load_address>0x2874</load_address>
         <readonly>true</readonly>
         <executable>true</executable>
         <run_address>0x2874</run_address>
         <size>0xe8</size>
         <alignment>0x4</alignment>
         <input_file_ref idref="fl-23"/>
      </object_component>
      <object_component id="oc-139">
         <name>.text.ganwei_turn</name>
         <load_address>0x295c</load_address>
         <readonly>true</readonly>
         <executable>true</executable>
         <run_address>0x295c</run_address>
         <size>0xe8</size>
         <alignment>0x4</alignment>
         <input_file_ref idref="fl-1"/>
      </object_component>
      <object_component id="oc-e0">
         <name>.text.TASK2_IT</name>
         <load_address>0x2a44</load_address>
         <readonly>true</readonly>
         <executable>true</executable>
         <run_address>0x2a44</run_address>
         <size>0xe4</size>
         <alignment>0x4</alignment>
         <input_file_ref idref="fl-1"/>
      </object_component>
      <object_component id="oc-19e">
         <name>.text.__muldf3</name>
         <load_address>0x2b28</load_address>
         <readonly>true</readonly>
         <executable>true</executable>
         <run_address>0x2b28</run_address>
         <size>0xe4</size>
         <alignment>0x4</alignment>
         <input_file_ref idref="fl-112"/>
      </object_component>
      <object_component id="oc-bc">
         <name>.text</name>
         <load_address>0x2c0c</load_address>
         <readonly>true</readonly>
         <executable>true</executable>
         <run_address>0x2c0c</run_address>
         <size>0xd8</size>
         <alignment>0x4</alignment>
         <input_file_ref idref="fl-110"/>
      </object_component>
      <object_component id="oc-14e">
         <name>.text.Task3_PID_Track_X</name>
         <load_address>0x2ce4</load_address>
         <readonly>true</readonly>
         <executable>true</executable>
         <run_address>0x2ce4</run_address>
         <size>0xd4</size>
         <alignment>0x4</alignment>
         <input_file_ref idref="fl-1"/>
      </object_component>
      <object_component id="oc-21e">
         <name>.text.ganwei_Calibrate</name>
         <load_address>0x2db8</load_address>
         <readonly>true</readonly>
         <executable>true</executable>
         <run_address>0x2db8</run_address>
         <size>0xc8</size>
         <alignment>0x4</alignment>
         <input_file_ref idref="fl-6"/>
      </object_component>
      <object_component id="oc-215">
         <name>.text.Key_GetNum</name>
         <load_address>0x2e80</load_address>
         <readonly>true</readonly>
         <executable>true</executable>
         <run_address>0x2e80</run_address>
         <size>0xc4</size>
         <alignment>0x4</alignment>
         <input_file_ref idref="fl-8"/>
      </object_component>
      <object_component id="oc-152">
         <name>.text.Task4_turn_first</name>
         <load_address>0x2f44</load_address>
         <readonly>true</readonly>
         <executable>true</executable>
         <run_address>0x2f44</run_address>
         <size>0xc4</size>
         <alignment>0x4</alignment>
         <input_file_ref idref="fl-1"/>
      </object_component>
      <object_component id="oc-3e">
         <name>.text.ADC0_IRQHandler</name>
         <load_address>0x3008</load_address>
         <readonly>true</readonly>
         <executable>true</executable>
         <run_address>0x3008</run_address>
         <size>0xb4</size>
         <alignment>0x4</alignment>
         <input_file_ref idref="fl-6"/>
      </object_component>
      <object_component id="oc-147">
         <name>.text.Set_X_Bujin_Speed</name>
         <load_address>0x30bc</load_address>
         <readonly>true</readonly>
         <executable>true</executable>
         <run_address>0x30bc</run_address>
         <size>0xb0</size>
         <alignment>0x4</alignment>
         <input_file_ref idref="fl-f"/>
      </object_component>
      <object_component id="oc-148">
         <name>.text.Set_Y_Bujin_Speed</name>
         <load_address>0x316c</load_address>
         <readonly>true</readonly>
         <executable>true</executable>
         <run_address>0x316c</run_address>
         <size>0xb0</size>
         <alignment>0x4</alignment>
         <input_file_ref idref="fl-f"/>
      </object_component>
      <object_component id="oc-14f">
         <name>.text.Task3_Limit_Y</name>
         <load_address>0x321c</load_address>
         <readonly>true</readonly>
         <executable>true</executable>
         <run_address>0x321c</run_address>
         <size>0xac</size>
         <alignment>0x4</alignment>
         <input_file_ref idref="fl-1"/>
      </object_component>
      <object_component id="oc-e1">
         <name>.text.TASK3_IT</name>
         <load_address>0x32c8</load_address>
         <readonly>true</readonly>
         <executable>true</executable>
         <run_address>0x32c8</run_address>
         <size>0xa8</size>
         <alignment>0x4</alignment>
         <input_file_ref idref="fl-1"/>
      </object_component>
      <object_component id="oc-138">
         <name>.text.tr_detect_90_over</name>
         <load_address>0x3370</load_address>
         <readonly>true</readonly>
         <executable>true</executable>
         <run_address>0x3370</run_address>
         <size>0xa4</size>
         <alignment>0x4</alignment>
         <input_file_ref idref="fl-1"/>
      </object_component>
      <object_component id="oc-2f7">
         <name>.text</name>
         <load_address>0x3414</load_address>
         <readonly>true</readonly>
         <executable>true</executable>
         <run_address>0x3414</run_address>
         <size>0xa2</size>
         <alignment>0x4</alignment>
         <input_file_ref idref="fl-12b"/>
      </object_component>
      <object_component id="oc-21a">
         <name>.text.encoder_Init</name>
         <load_address>0x34b8</load_address>
         <readonly>true</readonly>
         <executable>true</executable>
         <run_address>0x34b8</run_address>
         <size>0xa0</size>
         <alignment>0x4</alignment>
         <input_file_ref idref="fl-5"/>
      </object_component>
      <object_component id="oc-df">
         <name>.text.TASK1_IT</name>
         <load_address>0x3558</load_address>
         <readonly>true</readonly>
         <executable>true</executable>
         <run_address>0x3558</run_address>
         <size>0x98</size>
         <alignment>0x4</alignment>
         <input_file_ref idref="fl-1"/>
      </object_component>
      <object_component id="oc-1b8">
         <name>.text.trace_ganwei_go_straight_v</name>
         <load_address>0x35f0</load_address>
         <readonly>true</readonly>
         <executable>true</executable>
         <run_address>0x35f0</run_address>
         <size>0x94</size>
         <alignment>0x4</alignment>
         <input_file_ref idref="fl-d"/>
      </object_component>
      <object_component id="oc-145">
         <name>.text.Pixel_Calibration_To_Angle_Update</name>
         <load_address>0x3684</load_address>
         <readonly>true</readonly>
         <executable>true</executable>
         <run_address>0x3684</run_address>
         <size>0x90</size>
         <alignment>0x2</alignment>
         <input_file_ref idref="fl-f"/>
      </object_component>
      <object_component id="oc-20a">
         <name>.text.SYSCFG_DL_ADC_CHASE_init</name>
         <load_address>0x3714</load_address>
         <readonly>true</readonly>
         <executable>true</executable>
         <run_address>0x3714</run_address>
         <size>0x90</size>
         <alignment>0x4</alignment>
         <input_file_ref idref="fl-2"/>
      </object_component>
      <object_component id="oc-200">
         <name>.text.SYSCFG_DL_Motor_init</name>
         <load_address>0x37a4</load_address>
         <readonly>true</readonly>
         <executable>true</executable>
         <run_address>0x37a4</run_address>
         <size>0x8c</size>
         <alignment>0x4</alignment>
         <input_file_ref idref="fl-2"/>
      </object_component>
      <object_component id="oc-b4">
         <name>.text.__mulsf3</name>
         <load_address>0x3830</load_address>
         <readonly>true</readonly>
         <executable>true</executable>
         <run_address>0x3830</run_address>
         <size>0x8c</size>
         <alignment>0x4</alignment>
         <input_file_ref idref="fl-114"/>
      </object_component>
      <object_component id="oc-1d8">
         <name>.text.Stepper_keep_distance_reserve</name>
         <load_address>0x38bc</load_address>
         <readonly>true</readonly>
         <executable>true</executable>
         <run_address>0x38bc</run_address>
         <size>0x88</size>
         <alignment>0x4</alignment>
         <input_file_ref idref="fl-d"/>
      </object_component>
      <object_component id="oc-296">
         <name>.text.__NVIC_SetPriority</name>
         <load_address>0x3944</load_address>
         <readonly>true</readonly>
         <executable>true</executable>
         <run_address>0x3944</run_address>
         <size>0x84</size>
         <alignment>0x4</alignment>
         <input_file_ref idref="fl-2"/>
      </object_component>
      <object_component id="oc-b0">
         <name>.text.__divsf3</name>
         <load_address>0x39c8</load_address>
         <readonly>true</readonly>
         <executable>true</executable>
         <run_address>0x39c8</run_address>
         <size>0x82</size>
         <alignment>0x4</alignment>
         <input_file_ref idref="fl-115"/>
      </object_component>
      <object_component id="oc-202">
         <name>.text.SYSCFG_DL_PWM_BUJIN_Y_init</name>
         <load_address>0x3a4c</load_address>
         <readonly>true</readonly>
         <executable>true</executable>
         <run_address>0x3a4c</run_address>
         <size>0x80</size>
         <alignment>0x4</alignment>
         <input_file_ref idref="fl-2"/>
      </object_component>
      <object_component id="oc-201">
         <name>.text.SYSCFG_DL_PWM_BUJIN_X_init</name>
         <load_address>0x3acc</load_address>
         <readonly>true</readonly>
         <executable>true</executable>
         <run_address>0x3acc</run_address>
         <size>0x7c</size>
         <alignment>0x4</alignment>
         <input_file_ref idref="fl-2"/>
      </object_component>
      <object_component id="oc-1c">
         <name>.text:decompress:lzss</name>
         <load_address>0x3b48</load_address>
         <readonly>true</readonly>
         <executable>true</executable>
         <run_address>0x3b48</run_address>
         <size>0x7c</size>
         <alignment>0x4</alignment>
         <input_file_ref idref="fl-48"/>
      </object_component>
      <object_component id="oc-266">
         <name>.text.limit</name>
         <load_address>0x3bc4</load_address>
         <readonly>true</readonly>
         <executable>true</executable>
         <run_address>0x3bc4</run_address>
         <size>0x78</size>
         <alignment>0x2</alignment>
         <input_file_ref idref="fl-c"/>
      </object_component>
      <object_component id="oc-250">
         <name>.text.Send_Byte</name>
         <load_address>0x3c3c</load_address>
         <readonly>true</readonly>
         <executable>true</executable>
         <run_address>0x3c3c</run_address>
         <size>0x74</size>
         <alignment>0x4</alignment>
         <input_file_ref idref="fl-b"/>
      </object_component>
      <object_component id="oc-1a2">
         <name>.text.__truncdfsf2</name>
         <load_address>0x3cb0</load_address>
         <readonly>true</readonly>
         <executable>true</executable>
         <run_address>0x3cb0</run_address>
         <size>0x74</size>
         <alignment>0x10</alignment>
         <input_file_ref idref="fl-121"/>
      </object_component>
      <object_component id="oc-21f">
         <name>.text.OLED_ShowString</name>
         <load_address>0x3d24</load_address>
         <readonly>true</readonly>
         <executable>true</executable>
         <run_address>0x3d24</run_address>
         <size>0x70</size>
         <alignment>0x2</alignment>
         <input_file_ref idref="fl-b"/>
      </object_component>
      <object_component id="oc-164">
         <name>.text.SYSCFG_DL_init</name>
         <load_address>0x3d94</load_address>
         <readonly>true</readonly>
         <executable>true</executable>
         <run_address>0x3d94</run_address>
         <size>0x70</size>
         <alignment>0x4</alignment>
         <input_file_ref idref="fl-2"/>
      </object_component>
      <object_component id="oc-207">
         <name>.text.SYSCFG_DL_UART_0_init</name>
         <load_address>0x3e04</load_address>
         <readonly>true</readonly>
         <executable>true</executable>
         <run_address>0x3e04</run_address>
         <size>0x6c</size>
         <alignment>0x4</alignment>
         <input_file_ref idref="fl-2"/>
      </object_component>
      <object_component id="oc-209">
         <name>.text.SYSCFG_DL_UART_3_init</name>
         <load_address>0x3e70</load_address>
         <readonly>true</readonly>
         <executable>true</executable>
         <run_address>0x3e70</run_address>
         <size>0x6c</size>
         <alignment>0x4</alignment>
         <input_file_ref idref="fl-2"/>
      </object_component>
      <object_component id="oc-14d">
         <name>.text.Task3_Seek_X</name>
         <load_address>0x3edc</load_address>
         <readonly>true</readonly>
         <executable>true</executable>
         <run_address>0x3edc</run_address>
         <size>0x6c</size>
         <alignment>0x4</alignment>
         <input_file_ref idref="fl-1"/>
      </object_component>
      <object_component id="oc-154">
         <name>.text.Task4_IT_SingleCircle_ErrorPos</name>
         <load_address>0x3f48</load_address>
         <readonly>true</readonly>
         <executable>true</executable>
         <run_address>0x3f48</run_address>
         <size>0x6c</size>
         <alignment>0x4</alignment>
         <input_file_ref idref="fl-1"/>
      </object_component>
      <object_component id="oc-166">
         <name>.text.OLED_Clear</name>
         <load_address>0x3fb4</load_address>
         <readonly>true</readonly>
         <executable>true</executable>
         <run_address>0x3fb4</run_address>
         <size>0x6a</size>
         <alignment>0x2</alignment>
         <input_file_ref idref="fl-b"/>
      </object_component>
      <object_component id="oc-1c1">
         <name>.text.IT_PIDapplication_keep_velocity</name>
         <load_address>0x4020</load_address>
         <readonly>true</readonly>
         <executable>true</executable>
         <run_address>0x4020</run_address>
         <size>0x68</size>
         <alignment>0x4</alignment>
         <input_file_ref idref="fl-d"/>
      </object_component>
      <object_component id="oc-13a">
         <name>.text.Set_Left_Motor</name>
         <load_address>0x4088</load_address>
         <readonly>true</readonly>
         <executable>true</executable>
         <run_address>0x4088</run_address>
         <size>0x68</size>
         <alignment>0x4</alignment>
         <input_file_ref idref="fl-a"/>
      </object_component>
      <object_component id="oc-fb">
         <name>.text.main</name>
         <load_address>0x40f0</load_address>
         <readonly>true</readonly>
         <executable>true</executable>
         <run_address>0x40f0</run_address>
         <size>0x68</size>
         <alignment>0x4</alignment>
         <input_file_ref idref="fl-1"/>
      </object_component>
      <object_component id="oc-b8">
         <name>.text.__aeabi_fcmp</name>
         <load_address>0x4158</load_address>
         <readonly>true</readonly>
         <executable>true</executable>
         <run_address>0x4158</run_address>
         <size>0x62</size>
         <alignment>0x4</alignment>
         <input_file_ref idref="fl-123"/>
      </object_component>
      <object_component id="oc-208">
         <name>.text.SYSCFG_DL_UART_1_init</name>
         <load_address>0x41bc</load_address>
         <readonly>true</readonly>
         <executable>true</executable>
         <run_address>0x41bc</run_address>
         <size>0x60</size>
         <alignment>0x4</alignment>
         <input_file_ref idref="fl-2"/>
      </object_component>
      <object_component id="oc-49">
         <name>.text.TIMG0_IRQHandler</name>
         <load_address>0x421c</load_address>
         <readonly>true</readonly>
         <executable>true</executable>
         <run_address>0x421c</run_address>
         <size>0x60</size>
         <alignment>0x4</alignment>
         <input_file_ref idref="fl-1"/>
      </object_component>
      <object_component id="oc-1b7">
         <name>.text.Init_Zero_Encoder</name>
         <load_address>0x427c</load_address>
         <readonly>true</readonly>
         <executable>true</executable>
         <run_address>0x427c</run_address>
         <size>0x5c</size>
         <alignment>0x2</alignment>
         <input_file_ref idref="fl-5"/>
      </object_component>
      <object_component id="oc-13f">
         <name>.text.Set_Right_Motor</name>
         <load_address>0x42d8</load_address>
         <readonly>true</readonly>
         <executable>true</executable>
         <run_address>0x42d8</run_address>
         <size>0x5c</size>
         <alignment>0x4</alignment>
         <input_file_ref idref="fl-a"/>
      </object_component>
      <object_component id="oc-146">
         <name>.text.Task2_IT_SingleCircle_Time</name>
         <load_address>0x4334</load_address>
         <readonly>true</readonly>
         <executable>true</executable>
         <run_address>0x4334</run_address>
         <size>0x58</size>
         <alignment>0x4</alignment>
         <input_file_ref idref="fl-1"/>
      </object_component>
      <object_component id="oc-117">
         <name>.text.__aeabi_idivmod</name>
         <load_address>0x438c</load_address>
         <readonly>true</readonly>
         <executable>true</executable>
         <run_address>0x438c</run_address>
         <size>0x56</size>
         <alignment>0x4</alignment>
         <input_file_ref idref="fl-124"/>
      </object_component>
      <object_component id="oc-22d">
         <name>.text.MAXIC_Enable</name>
         <load_address>0x43e4</load_address>
         <readonly>true</readonly>
         <executable>true</executable>
         <run_address>0x43e4</run_address>
         <size>0x54</size>
         <alignment>0x4</alignment>
         <input_file_ref idref="fl-9"/>
      </object_component>
      <object_component id="oc-4a">
         <name>.text.TIMG6_IRQHandler</name>
         <load_address>0x4438</load_address>
         <readonly>true</readonly>
         <executable>true</executable>
         <run_address>0x4438</run_address>
         <size>0x54</size>
         <alignment>0x4</alignment>
         <input_file_ref idref="fl-1"/>
      </object_component>
      <object_component id="oc-34">
         <name>.text.TIMG8_IRQHandler</name>
         <load_address>0x448c</load_address>
         <readonly>true</readonly>
         <executable>true</executable>
         <run_address>0x448c</run_address>
         <size>0x54</size>
         <alignment>0x4</alignment>
         <input_file_ref idref="fl-1"/>
      </object_component>
      <object_component id="oc-198">
         <name>.text.OLED_WR_Byte</name>
         <load_address>0x44e0</load_address>
         <readonly>true</readonly>
         <executable>true</executable>
         <run_address>0x44e0</run_address>
         <size>0x4e</size>
         <alignment>0x2</alignment>
         <input_file_ref idref="fl-b"/>
      </object_component>
      <object_component id="oc-2c2">
         <name>.text.DL_ADC12_initSingleSample</name>
         <load_address>0x4530</load_address>
         <readonly>true</readonly>
         <executable>true</executable>
         <run_address>0x4530</run_address>
         <size>0x4c</size>
         <alignment>0x4</alignment>
         <input_file_ref idref="fl-2"/>
      </object_component>
      <object_component id="oc-18a">
         <name>.text.DL_DMA_initChannel</name>
         <load_address>0x457c</load_address>
         <readonly>true</readonly>
         <executable>true</executable>
         <run_address>0x457c</run_address>
         <size>0x4c</size>
         <alignment>0x4</alignment>
         <input_file_ref idref="fl-21"/>
      </object_component>
      <object_component id="oc-2af">
         <name>.text.DL_UART_setBaudRateDivisor</name>
         <load_address>0x45c8</load_address>
         <readonly>true</readonly>
         <executable>true</executable>
         <run_address>0x45c8</run_address>
         <size>0x4c</size>
         <alignment>0x4</alignment>
         <input_file_ref idref="fl-2"/>
      </object_component>
      <object_component id="oc-2c3">
         <name>.text.DL_ADC12_configConversionMem</name>
         <load_address>0x4614</load_address>
         <readonly>true</readonly>
         <executable>true</executable>
         <run_address>0x4614</run_address>
         <size>0x4a</size>
         <alignment>0x2</alignment>
         <input_file_ref idref="fl-2"/>
      </object_component>
      <object_component id="oc-88">
         <name>.text.__fixdfsi</name>
         <load_address>0x4660</load_address>
         <readonly>true</readonly>
         <executable>true</executable>
         <run_address>0x4660</run_address>
         <size>0x4a</size>
         <alignment>0x4</alignment>
         <input_file_ref idref="fl-118"/>
      </object_component>
      <object_component id="oc-2ad">
         <name>.text.DL_UART_init</name>
         <load_address>0x46ac</load_address>
         <readonly>true</readonly>
         <executable>true</executable>
         <run_address>0x46ac</run_address>
         <size>0x48</size>
         <alignment>0x4</alignment>
         <input_file_ref idref="fl-24"/>
      </object_component>
      <object_component id="oc-21d">
         <name>.text.CHASE_ADC_Init</name>
         <load_address>0x46f4</load_address>
         <readonly>true</readonly>
         <executable>true</executable>
         <run_address>0x46f4</run_address>
         <size>0x44</size>
         <alignment>0x4</alignment>
         <input_file_ref idref="fl-6"/>
      </object_component>
      <object_component id="oc-4b">
         <name>.text.TIMA0_IRQHandler</name>
         <load_address>0x4738</load_address>
         <readonly>true</readonly>
         <executable>true</executable>
         <run_address>0x4738</run_address>
         <size>0x44</size>
         <alignment>0x4</alignment>
         <input_file_ref idref="fl-f"/>
      </object_component>
      <object_component id="oc-50">
         <name>.text.TIMG7_IRQHandler</name>
         <load_address>0x477c</load_address>
         <readonly>true</readonly>
         <executable>true</executable>
         <run_address>0x477c</run_address>
         <size>0x44</size>
         <alignment>0x4</alignment>
         <input_file_ref idref="fl-f"/>
      </object_component>
      <object_component id="oc-2bc">
         <name>.text.DL_ADC12_setClockConfig</name>
         <load_address>0x47c0</load_address>
         <readonly>true</readonly>
         <executable>true</executable>
         <run_address>0x47c0</run_address>
         <size>0x40</size>
         <alignment>0x4</alignment>
         <input_file_ref idref="fl-1f"/>
      </object_component>
      <object_component id="oc-205">
         <name>.text.SYSCFG_DL_motor_CLOCK_init</name>
         <load_address>0x4800</load_address>
         <readonly>true</readonly>
         <executable>true</executable>
         <run_address>0x4800</run_address>
         <size>0x40</size>
         <alignment>0x4</alignment>
         <input_file_ref idref="fl-2"/>
      </object_component>
      <object_component id="oc-10f">
         <name>.text.__aeabi_uidivmod</name>
         <load_address>0x4840</load_address>
         <readonly>true</readonly>
         <executable>true</executable>
         <run_address>0x4840</run_address>
         <size>0x40</size>
         <alignment>0x4</alignment>
         <input_file_ref idref="fl-128"/>
      </object_component>
      <object_component id="oc-255">
         <name>.text.__divmoddi4</name>
         <load_address>0x4880</load_address>
         <readonly>true</readonly>
         <executable>true</executable>
         <run_address>0x4880</run_address>
         <size>0x3e</size>
         <alignment>0x2</alignment>
         <input_file_ref idref="fl-12e"/>
      </object_component>
      <object_component id="oc-1aa">
         <name>.text.__floatdidf</name>
         <load_address>0x48c0</load_address>
         <readonly>true</readonly>
         <executable>true</executable>
         <run_address>0x48c0</run_address>
         <size>0x3e</size>
         <alignment>0x4</alignment>
         <input_file_ref idref="fl-11c"/>
      </object_component>
      <object_component id="oc-27b">
         <name>.text.DL_GPIO_initPeripheralInputFunctionFeatures</name>
         <load_address>0x4900</load_address>
         <readonly>true</readonly>
         <executable>true</executable>
         <run_address>0x4900</run_address>
         <size>0x3c</size>
         <alignment>0x4</alignment>
         <input_file_ref idref="fl-2"/>
      </object_component>
      <object_component id="oc-28e">
         <name>.text.DL_Timer_setCounterControl</name>
         <load_address>0x493c</load_address>
         <readonly>true</readonly>
         <executable>true</executable>
         <run_address>0x493c</run_address>
         <size>0x3c</size>
         <alignment>0x4</alignment>
         <input_file_ref idref="fl-2"/>
      </object_component>
      <object_component id="oc-219">
         <name>.text.Motor_Init</name>
         <load_address>0x4978</load_address>
         <readonly>true</readonly>
         <executable>true</executable>
         <run_address>0x4978</run_address>
         <size>0x3c</size>
         <alignment>0x4</alignment>
         <input_file_ref idref="fl-a"/>
      </object_component>
      <object_component id="oc-197">
         <name>.text.OLED_Set_Pos</name>
         <load_address>0x49b4</load_address>
         <readonly>true</readonly>
         <executable>true</executable>
         <run_address>0x49b4</run_address>
         <size>0x3c</size>
         <alignment>0x2</alignment>
         <input_file_ref idref="fl-b"/>
      </object_component>
      <object_component id="oc-ac">
         <name>.text.__floatsisf</name>
         <load_address>0x49f0</load_address>
         <readonly>true</readonly>
         <executable>true</executable>
         <run_address>0x49f0</run_address>
         <size>0x3c</size>
         <alignment>0x4</alignment>
         <input_file_ref idref="fl-11e"/>
      </object_component>
      <object_component id="oc-130">
         <name>.text.__gtsf2</name>
         <load_address>0x4a2c</load_address>
         <readonly>true</readonly>
         <executable>true</executable>
         <run_address>0x4a2c</run_address>
         <size>0x3c</size>
         <alignment>0x4</alignment>
         <input_file_ref idref="fl-12a"/>
      </object_component>
      <object_component id="oc-234">
         <name>.text.pid_JY61P_init_Param</name>
         <load_address>0x4a68</load_address>
         <readonly>true</readonly>
         <executable>true</executable>
         <run_address>0x4a68</run_address>
         <size>0x3c</size>
         <alignment>0x2</alignment>
         <input_file_ref idref="fl-7"/>
      </object_component>
      <object_component id="oc-177">
         <name>.text:__TI_auto_init_nobinit_nopinit</name>
         <load_address>0x4aa4</load_address>
         <readonly>true</readonly>
         <executable>true</executable>
         <run_address>0x4aa4</run_address>
         <size>0x3c</size>
         <alignment>0x4</alignment>
         <input_file_ref idref="fl-43"/>
      </object_component>
      <object_component id="oc-12b">
         <name>.text.__eqsf2</name>
         <load_address>0x4ae0</load_address>
         <readonly>true</readonly>
         <executable>true</executable>
         <run_address>0x4ae0</run_address>
         <size>0x3a</size>
         <alignment>0x4</alignment>
         <input_file_ref idref="fl-12a"/>
      </object_component>
      <object_component id="oc-126">
         <name>.text.__muldsi3</name>
         <load_address>0x4b1c</load_address>
         <readonly>true</readonly>
         <executable>true</executable>
         <run_address>0x4b1c</run_address>
         <size>0x3a</size>
         <alignment>0x4</alignment>
         <input_file_ref idref="fl-113"/>
      </object_component>
      <object_component id="oc-235">
         <name>.text.Serial_JY61P_Zero_Yaw</name>
         <load_address>0x4b58</load_address>
         <readonly>true</readonly>
         <executable>true</executable>
         <run_address>0x4b58</run_address>
         <size>0x38</size>
         <alignment>0x4</alignment>
         <input_file_ref idref="fl-7"/>
      </object_component>
      <object_component id="oc-1c7">
         <name>.text.__fixsfsi</name>
         <load_address>0x4b90</load_address>
         <readonly>true</readonly>
         <executable>true</executable>
         <run_address>0x4b90</run_address>
         <size>0x38</size>
         <alignment>0x4</alignment>
         <input_file_ref idref="fl-119"/>
      </object_component>
      <object_component id="oc-27e">
         <name>.text.DL_GPIO_initDigitalInputFeatures</name>
         <load_address>0x4bc8</load_address>
         <readonly>true</readonly>
         <executable>true</executable>
         <run_address>0x4bc8</run_address>
         <size>0x34</size>
         <alignment>0x4</alignment>
         <input_file_ref idref="fl-2"/>
      </object_component>
      <object_component id="oc-24f">
         <name>.text.I2C_Start</name>
         <load_address>0x4bfc</load_address>
         <readonly>true</readonly>
         <executable>true</executable>
         <run_address>0x4bfc</run_address>
         <size>0x34</size>
         <alignment>0x4</alignment>
         <input_file_ref idref="fl-b"/>
      </object_component>
      <object_component id="oc-203">
         <name>.text.SYSCFG_DL_Encoder1A_init</name>
         <load_address>0x4c30</load_address>
         <readonly>true</readonly>
         <executable>true</executable>
         <run_address>0x4c30</run_address>
         <size>0x34</size>
         <alignment>0x4</alignment>
         <input_file_ref idref="fl-2"/>
      </object_component>
      <object_component id="oc-204">
         <name>.text.SYSCFG_DL_Encoder2A_init</name>
         <load_address>0x4c64</load_address>
         <readonly>true</readonly>
         <executable>true</executable>
         <run_address>0x4c64</run_address>
         <size>0x34</size>
         <alignment>0x4</alignment>
         <input_file_ref idref="fl-2"/>
      </object_component>
      <object_component id="oc-1eb">
         <name>.text.__NVIC_DisableIRQ</name>
         <load_address>0x4c98</load_address>
         <readonly>true</readonly>
         <executable>true</executable>
         <run_address>0x4c98</run_address>
         <size>0x34</size>
         <alignment>0x4</alignment>
         <input_file_ref idref="fl-1"/>
      </object_component>
      <object_component id="oc-1f4">
         <name>.text.__NVIC_DisableIRQ</name>
         <load_address>0x4ccc</load_address>
         <readonly>true</readonly>
         <executable>true</executable>
         <run_address>0x4ccc</run_address>
         <size>0x34</size>
         <alignment>0x4</alignment>
         <input_file_ref idref="fl-5"/>
      </object_component>
      <object_component id="oc-1df">
         <name>.text.__fixunssfsi</name>
         <load_address>0x4d00</load_address>
         <readonly>true</readonly>
         <executable>true</executable>
         <run_address>0x4d00</run_address>
         <size>0x32</size>
         <alignment>0x4</alignment>
         <input_file_ref idref="fl-11b"/>
      </object_component>
      <object_component id="oc-2e3">
         <name>.text.DL_DMA_setTransferSize</name>
         <load_address>0x4d34</load_address>
         <readonly>true</readonly>
         <executable>true</executable>
         <run_address>0x4d34</run_address>
         <size>0x30</size>
         <alignment>0x4</alignment>
         <input_file_ref idref="fl-9"/>
      </object_component>
      <object_component id="oc-7f">
         <name>.text.DL_DMA_setTransferSize</name>
         <load_address>0x4d64</load_address>
         <readonly>true</readonly>
         <executable>true</executable>
         <run_address>0x4d64</run_address>
         <size>0x30</size>
         <alignment>0x4</alignment>
         <input_file_ref idref="fl-10"/>
      </object_component>
      <object_component id="oc-d3">
         <name>.text.DL_DMA_setTransferSize</name>
         <load_address>0x4d94</load_address>
         <readonly>true</readonly>
         <executable>true</executable>
         <run_address>0x4d94</run_address>
         <size>0x30</size>
         <alignment>0x4</alignment>
         <input_file_ref idref="fl-1"/>
      </object_component>
      <object_component id="oc-189">
         <name>.text.DL_DMA_setTransferSize</name>
         <load_address>0x4dc4</load_address>
         <readonly>true</readonly>
         <executable>true</executable>
         <run_address>0x4dc4</run_address>
         <size>0x30</size>
         <alignment>0x4</alignment>
         <input_file_ref idref="fl-2"/>
      </object_component>
      <object_component id="oc-27f">
         <name>.text.DL_GPIO_initDigitalOutputFeatures</name>
         <load_address>0x4df4</load_address>
         <readonly>true</readonly>
         <executable>true</executable>
         <run_address>0x4df4</run_address>
         <size>0x30</size>
         <alignment>0x4</alignment>
         <input_file_ref idref="fl-2"/>
      </object_component>
      <object_component id="oc-10e">
         <name>.text.oled_pow</name>
         <load_address>0x4e24</load_address>
         <readonly>true</readonly>
         <executable>true</executable>
         <run_address>0x4e24</run_address>
         <size>0x30</size>
         <alignment>0x2</alignment>
         <input_file_ref idref="fl-b"/>
      </object_component>
      <object_component id="oc-21c">
         <name>.text.tr_init_ganwei</name>
         <load_address>0x4e54</load_address>
         <readonly>true</readonly>
         <executable>true</executable>
         <run_address>0x4e54</run_address>
         <size>0x30</size>
         <alignment>0x2</alignment>
         <input_file_ref idref="fl-6"/>
      </object_component>
      <object_component id="oc-2c7">
         <name>.text.DL_ADC12_setDMASamplesCnt</name>
         <load_address>0x4e84</load_address>
         <readonly>true</readonly>
         <executable>true</executable>
         <run_address>0x4e84</run_address>
         <size>0x2c</size>
         <alignment>0x4</alignment>
         <input_file_ref idref="fl-2"/>
      </object_component>
      <object_component id="oc-206">
         <name>.text.SYSCFG_DL_I2C_1_init</name>
         <load_address>0x4eb0</load_address>
         <readonly>true</readonly>
         <executable>true</executable>
         <run_address>0x4eb0</run_address>
         <size>0x2c</size>
         <alignment>0x4</alignment>
         <input_file_ref idref="fl-2"/>
      </object_component>
      <object_component id="oc-2e5">
         <name>.text.__NVIC_ClearPendingIRQ</name>
         <load_address>0x4edc</load_address>
         <readonly>true</readonly>
         <executable>true</executable>
         <run_address>0x4edc</run_address>
         <size>0x2c</size>
         <alignment>0x4</alignment>
         <input_file_ref idref="fl-9"/>
      </object_component>
      <object_component id="oc-1e8">
         <name>.text.__NVIC_ClearPendingIRQ</name>
         <load_address>0x4f08</load_address>
         <readonly>true</readonly>
         <executable>true</executable>
         <run_address>0x4f08</run_address>
         <size>0x2c</size>
         <alignment>0x4</alignment>
         <input_file_ref idref="fl-1"/>
      </object_component>
      <object_component id="oc-2d2">
         <name>.text.__NVIC_ClearPendingIRQ</name>
         <load_address>0x4f34</load_address>
         <readonly>true</readonly>
         <executable>true</executable>
         <run_address>0x4f34</run_address>
         <size>0x2c</size>
         <alignment>0x4</alignment>
         <input_file_ref idref="fl-5"/>
      </object_component>
      <object_component id="oc-2e8">
         <name>.text.__NVIC_EnableIRQ</name>
         <load_address>0x4f60</load_address>
         <readonly>true</readonly>
         <executable>true</executable>
         <run_address>0x4f60</run_address>
         <size>0x2c</size>
         <alignment>0x4</alignment>
         <input_file_ref idref="fl-7"/>
      </object_component>
      <object_component id="oc-2e6">
         <name>.text.__NVIC_EnableIRQ</name>
         <load_address>0x4f8c</load_address>
         <readonly>true</readonly>
         <executable>true</executable>
         <run_address>0x4f8c</run_address>
         <size>0x2c</size>
         <alignment>0x4</alignment>
[...]
      </symbol>
      <symbol id="sm-3f8">
         <name>set_PID_Limit</name>
         <value>0x5af1</value>
         <object_component_ref idref="oc-21b"/>
      </symbol>
      <symbol id="sm-3f9">
         <name>init_zero_PID</name>
         <value>0x5495</value>
         <object_component_ref idref="oc-1b2"/>
      </symbol>
      <symbol id="sm-3fa">
         <name>update_PID</name>
         <value>0x188d</value>
         <object_component_ref idref="oc-261"/>
      </symbol>
      <symbol id="sm-3fb">
         <name>set_PID_Param</name>
         <value>0x54b7</value>
         <object_component_ref idref="oc-1ee"/>
      </symbol>
      <symbol id="sm-3fc">
         <name>set_PID_Target</name>
         <value>0x5e25</value>
         <object_component_ref idref="oc-260"/>
      </symbol>
      <symbol id="sm-40c">
         <name>IT_PIDapplication_keep_velocity</name>
         <value>0x4021</value>
         <object_component_ref idref="oc-1c1"/>
      </symbol>
      <symbol id="sm-40d">
         <name>trace_ganwei_go_straight_v</name>
         <value>0x35f1</value>
         <object_component_ref idref="oc-1b8"/>
      </symbol>
      <symbol id="sm-40e">
         <name>Stepper_keep_distance_reserve</name>
         <value>0x38bd</value>
         <object_component_ref idref="oc-1d8"/>
      </symbol>
      <symbol id="sm-44d">
         <name>Set_Bujin</name>
         <value>0x52c5</value>
         <object_component_ref idref="oc-22f"/>
      </symbol>
      <symbol id="sm-44e">
         <name>Init_Bujin</name>
         <value>0x5aa9</value>
         <object_component_ref idref="oc-22e"/>
      </symbol>
      <symbol id="sm-44f">
         <name>Start_X_Bujin</name>
         <value>0x5e05</value>
         <object_component_ref idref="oc-1e4"/>
      </symbol>
      <symbol id="sm-450">
         <name>Start_Y_Bujin</name>
         <value>0x5e15</value>
         <object_component_ref idref="oc-1e5"/>
      </symbol>
      <symbol id="sm-451">
         <name>Pixel_Calibration_To_Angle_Update</name>
         <value>0x3685</value>
         <object_component_ref idref="oc-145"/>
      </symbol>
      <symbol id="sm-452">
         <name>Set_X_Bujin_Speed</name>
         <value>0x30bd</value>
         <object_component_ref idref="oc-147"/>
      </symbol>
      <symbol id="sm-453">
         <name>Set_Y_Bujin_Speed</name>
         <value>0x316d</value>
         <object_component_ref idref="oc-148"/>
      </symbol>
      <symbol id="sm-454">
         <name>X_NUM</name>
         <value>0x20200810</value>
         <object_component_ref idref="oc-ec"/>
      </symbol>
      <symbol id="sm-455">
         <name>Bujin_Set_Y_Num</name>
         <value>0x5ba5</value>
         <object_component_ref idref="oc-1ea"/>
      </symbol>
      <symbol id="sm-456">
         <name>Y_NUM</name>
         <value>0x20200814</value>
         <object_component_ref idref="oc-e8"/>
      </symbol>
      <symbol id="sm-457">
         <name>TIMG7_IRQHandler</name>
         <value>0x477d</value>
         <object_component_ref idref="oc-50"/>
      </symbol>
      <symbol id="sm-458">
         <name>X_complete_Flag</name>
         <value>0x20200834</value>
         <object_component_ref idref="oc-ed"/>
      </symbol>
      <symbol id="sm-459">
         <name>TIMA0_IRQHandler</name>
         <value>0x4739</value>
         <object_component_ref idref="oc-4b"/>
      </symbol>
      <symbol id="sm-45a">
         <name>Y_complete_Flag</name>
         <value>0x20200835</value>
         <object_component_ref idref="oc-e9"/>
      </symbol>
      <symbol id="sm-481">
         <name>RX_Packet</name>
         <value>0x20200000</value>
      </symbol>
      <symbol id="sm-482">
         <name>UART3_IRQHandler</name>
         <value>0x13e5</value>
         <object_component_ref idref="oc-39"/>
      </symbol>
      <symbol id="sm-483">
         <name>Rx_Flag</name>
         <value>0x20200833</value>
         <object_component_ref idref="oc-98"/>
      </symbol>
      <symbol id="sm-484">
         <name>Rx_Stp_Data</name>
         <value>0x20200684</value>
      </symbol>
      <symbol id="sm-486">
         <name>__TI_ATRegion0_src_addr</name>
         <value>0x0</value>
      </symbol>
      <symbol id="sm-487">
         <name>__TI_ATRegion0_trg_addr</name>
         <value>0x0</value>
      </symbol>
      <symbol id="sm-488">
         <name>__TI_ATRegion0_region_sz</name>
         <value>0x0</value>
      </symbol>
      <symbol id="sm-489">
         <name>__TI_ATRegion1_src_addr</name>
         <value>0x0</value>
      </symbol>
      <symbol id="sm-48a">
         <name>__TI_ATRegion1_trg_addr</name>
         <value>0x0</value>
      </symbol>
      <symbol id="sm-48b">
         <name>__TI_ATRegion1_region_sz</name>
         <value>0x0</value>
      </symbol>
      <symbol id="sm-48c">
         <name>__TI_ATRegion2_src_addr</name>
         <value>0x0</value>
      </symbol>
      <symbol id="sm-48d">
         <name>__TI_ATRegion2_trg_addr</name>
         <value>0x0</value>
      </symbol>
      <symbol id="sm-48e">
         <name>__TI_ATRegion2_region_sz</name>
         <value>0x0</value>
      </symbol>
      <symbol id="sm-499">
         <name>DL_ADC12_setClockConfig</name>
         <value>0x47c1</value>
         <object_component_ref idref="oc-2bc"/>
      </symbol>
      <symbol id="sm-4a2">
         <name>DL_Common_delayCycles</name>
         <value>0x5e61</value>
         <object_component_ref idref="oc-274"/>
      </symbol>
      <symbol id="sm-4ac">
         <name>DL_DMA_initChannel</name>
         <value>0x457d</value>
         <object_component_ref idref="oc-18a"/>
      </symbol>
      <symbol id="sm-4b6">
         <name>DL_I2C_setClockConfig</name>
         <value>0x546f</value>
         <object_component_ref idref="oc-2a3"/>
      </symbol>
      <symbol id="sm-4d6">
         <name>DL_Timer_setClockConfig</name>
         <value>0x5759</value>
         <object_component_ref idref="oc-28c"/>
      </symbol>
      <symbol id="sm-4d7">
         <name>DL_Timer_initTimerMode</name>
         <value>0x2875</value>
         <object_component_ref idref="oc-2a0"/>
      </symbol>
      <symbol id="sm-4d8">
         <name>DL_Timer_setCaptureCompareValue</name>
         <value>0x5de5</value>
         <object_component_ref idref="oc-1cc"/>
      </symbol>
      <symbol id="sm-4d9">
         <name>DL_Timer_initCaptureMode</name>
         <value>0x2055</value>
         <object_component_ref idref="oc-29b"/>
      </symbol>
      <symbol id="sm-4da">
         <name>DL_Timer_setCaptCompUpdateMethod</name>
         <value>0x573d</value>
         <object_component_ref idref="oc-290"/>
      </symbol>
      <symbol id="sm-4db">
         <name>DL_Timer_setCaptureCompareOutCtl</name>
         <value>0x5971</value>
         <object_component_ref idref="oc-28f"/>
      </symbol>
      <symbol id="sm-4dc">
         <name>DL_Timer_initFourCCPWMMode</name>
         <value>0x2395</value>
         <object_component_ref idref="oc-28d"/>
      </symbol>
      <symbol id="sm-4ef">
         <name>DL_UART_init</name>
         <value>0x46ad</value>
         <object_component_ref idref="oc-2ad"/>
      </symbol>
      <symbol id="sm-4f0">
         <name>DL_UART_setClockConfig</name>
         <value>0x5d8d</value>
         <object_component_ref idref="oc-2ac"/>
      </symbol>
      <symbol id="sm-4f1">
         <name>DL_UART_receiveDataBlocking</name>
         <value>0x54f9</value>
         <object_component_ref idref="oc-a6"/>
      </symbol>
      <symbol id="sm-4f2">
         <name>DL_UART_transmitDataBlocking</name>
         <value>0x5519</value>
         <object_component_ref idref="oc-2e9"/>
      </symbol>
      <symbol id="sm-503">
         <name>_c_int00_noargs</name>
         <value>0x533d</value>
         <object_component_ref idref="oc-6c"/>
      </symbol>
      <symbol id="sm-504">
         <name>__stack</name>
         <value>0x20207e00</value>
         <object_component_ref idref="oc-1a"/>
      </symbol>
      <symbol id="sm-513">
         <name>__TI_auto_init_nobinit_nopinit</name>
         <value>0x4aa5</value>
         <object_component_ref idref="oc-177"/>
      </symbol>
      <symbol id="sm-51b">
         <name>_system_pre_init</name>
         <value>0x5ea1</value>
         <object_component_ref idref="oc-f7"/>
      </symbol>
      <symbol id="sm-526">
         <name>__TI_zero_init</name>
         <value>0x5e35</value>
         <object_component_ref idref="oc-69"/>
      </symbol>
      <symbol id="sm-52f">
         <name>__TI_decompress_none</name>
         <value>0x5db1</value>
         <object_component_ref idref="oc-20"/>
      </symbol>
      <symbol id="sm-53a">
         <name>__TI_decompress_lzss</name>
         <value>0x3b49</value>
         <object_component_ref idref="oc-1c"/>
      </symbol>
      <symbol id="sm-54a">
         <name>abort</name>
         <value>0x5e7d</value>
         <object_component_ref idref="oc-170"/>
      </symbol>
      <symbol id="sm-562">
         <name>HOSTexit</name>
         <value>0x5e87</value>
         <object_component_ref idref="oc-239"/>
      </symbol>
      <symbol id="sm-563">
         <name>C$$EXIT</name>
         <value>0x5e86</value>
         <object_component_ref idref="oc-239"/>
      </symbol>
      <symbol id="sm-578">
         <name>__aeabi_fadd</name>
         <value>0x2c17</value>
         <object_component_ref idref="oc-bc"/>
      </symbol>
      <symbol id="sm-579">
         <name>__addsf3</name>
         <value>0x2c17</value>
         <object_component_ref idref="oc-bc"/>
      </symbol>
      <symbol id="sm-57a">
         <name>__aeabi_fsub</name>
         <value>0x2c0d</value>
         <object_component_ref idref="oc-bc"/>
      </symbol>
      <symbol id="sm-57b">
         <name>__subsf3</name>
         <value>0x2c0d</value>
         <object_component_ref idref="oc-bc"/>
      </symbol>
      <symbol id="sm-581">
         <name>__aeabi_dadd</name>
         <value>0x1583</value>
         <object_component_ref idref="oc-1d4"/>
      </symbol>
      <symbol id="sm-582">
         <name>__adddf3</name>
         <value>0x1583</value>
         <object_component_ref idref="oc-1d4"/>
      </symbol>
      <symbol id="sm-583">
         <name>__aeabi_dsub</name>
         <value>0x1579</value>
         <object_component_ref idref="oc-1d4"/>
      </symbol>
      <symbol id="sm-584">
         <name>__subdf3</name>
         <value>0x1579</value>
         <object_component_ref idref="oc-1d4"/>
      </symbol>
      <symbol id="sm-58a">
         <name>__aeabi_dmul</name>
         <value>0x2b29</value>
         <object_component_ref idref="oc-19e"/>
      </symbol>
      <symbol id="sm-58b">
         <name>__muldf3</name>
         <value>0x2b29</value>
         <object_component_ref idref="oc-19e"/>
      </symbol>
      <symbol id="sm-591">
         <name>__muldsi3</name>
         <value>0x4b1d</value>
         <object_component_ref idref="oc-126"/>
      </symbol>
      <symbol id="sm-597">
         <name>__aeabi_fmul</name>
         <value>0x3831</value>
         <object_component_ref idref="oc-b4"/>
      </symbol>
      <symbol id="sm-598">
         <name>__mulsf3</name>
         <value>0x3831</value>
         <object_component_ref idref="oc-b4"/>
      </symbol>
      <symbol id="sm-59e">
         <name>__aeabi_fdiv</name>
         <value>0x39c9</value>
         <object_component_ref idref="oc-b0"/>
      </symbol>
      <symbol id="sm-59f">
         <name>__divsf3</name>
         <value>0x39c9</value>
         <object_component_ref idref="oc-b0"/>
      </symbol>
      <symbol id="sm-5a5">
         <name>__aeabi_ddiv</name>
         <value>0x2289</value>
         <object_component_ref idref="oc-84"/>
      </symbol>
      <symbol id="sm-5a6">
         <name>__divdf3</name>
         <value>0x2289</value>
         <object_component_ref idref="oc-84"/>
      </symbol>
      <symbol id="sm-5ac">
         <name>__aeabi_d2iz</name>
         <value>0x4661</value>
         <object_component_ref idref="oc-88"/>
      </symbol>
      <symbol id="sm-5ad">
         <name>__fixdfsi</name>
         <value>0x4661</value>
         <object_component_ref idref="oc-88"/>
      </symbol>
      <symbol id="sm-5b3">
         <name>__aeabi_f2iz</name>
         <value>0x4b91</value>
         <object_component_ref idref="oc-1c7"/>
      </symbol>
      <symbol id="sm-5b4">
         <name>__fixsfsi</name>
         <value>0x4b91</value>
         <object_component_ref idref="oc-1c7"/>
      </symbol>
      <symbol id="sm-5ba">
         <name>__aeabi_f2uiz</name>
         <value>0x4d01</value>
         <object_component_ref idref="oc-1df"/>
      </symbol>
      <symbol id="sm-5bb">
         <name>__fixunssfsi</name>
         <value>0x4d01</value>
         <object_component_ref idref="oc-1df"/>
      </symbol>
      <symbol id="sm-5c1">
         <name>__aeabi_l2d</name>
         <value>0x48c1</value>
         <object_component_ref idref="oc-1aa"/>
      </symbol>
      <symbol id="sm-5c2">
         <name>__floatdidf</name>
         <value>0x48c1</value>
         <object_component_ref idref="oc-1aa"/>
      </symbol>
      <symbol id="sm-5c8">
         <name>__aeabi_i2d</name>
         <value>0x503d</value>
         <object_component_ref idref="oc-80"/>
      </symbol>
      <symbol id="sm-5c9">
         <name>__floatsidf</name>
         <value>0x503d</value>
         <object_component_ref idref="oc-80"/>
      </symbol>
      <symbol id="sm-5cf">
         <name>__aeabi_i2f</name>
         <value>0x49f1</value>
         <object_component_ref idref="oc-ac"/>
      </symbol>
      <symbol id="sm-5d0">
         <name>__floatsisf</name>
         <value>0x49f1</value>
         <object_component_ref idref="oc-ac"/>
      </symbol>
      <symbol id="sm-5d7">
         <name>__aeabi_d2f</name>
         <value>0x3cb1</value>
         <object_component_ref idref="oc-1a2"/>
      </symbol>
      <symbol id="sm-5d8">
         <name>__truncdfsf2</name>
         <value>0x3cb1</value>
         <object_component_ref idref="oc-1a2"/>
      </symbol>
      <symbol id="sm-5de">
         <name>__aeabi_fcmpeq</name>
         <value>0x4159</value>
         <object_component_ref idref="oc-b8"/>
      </symbol>
      <symbol id="sm-5df">
         <name>__aeabi_fcmplt</name>
         <value>0x416d</value>
         <object_component_ref idref="oc-b8"/>
      </symbol>
      <symbol id="sm-5e0">
         <name>__aeabi_fcmple</name>
         <value>0x4181</value>
         <object_component_ref idref="oc-b8"/>
      </symbol>
      <symbol id="sm-5e1">
         <name>__aeabi_fcmpge</name>
         <value>0x4195</value>
         <object_component_ref idref="oc-b8"/>
      </symbol>
      <symbol id="sm-5e2">
         <name>__aeabi_fcmpgt</name>
         <value>0x41a9</value>
         <object_component_ref idref="oc-b8"/>
      </symbol>
      <symbol id="sm-5e8">
         <name>__aeabi_idiv</name>
         <value>0x438d</value>
         <object_component_ref idref="oc-117"/>
      </symbol>
      <symbol id="sm-5e9">
         <name>__aeabi_idivmod</name>
         <value>0x438d</value>
         <object_component_ref idref="oc-117"/>
      </symbol>
      <symbol id="sm-5ef">
         <name>__aeabi_ldivmod</name>
         <value>0x5cf9</value>
         <object_component_ref idref="oc-1a6"/>
      </symbol>
      <symbol id="sm-5f5">
         <name>__aeabi_memcpy</name>
         <value>0x5e75</value>
         <object_component_ref idref="oc-5c"/>
      </symbol>
      <symbol id="sm-5f6">
         <name>__aeabi_memcpy4</name>
         <value>0x5e75</value>
         <object_component_ref idref="oc-5c"/>
      </symbol>
      <symbol id="sm-5f7">
         <name>__aeabi_memcpy8</name>
         <value>0x5e75</value>
         <object_component_ref idref="oc-5c"/>
      </symbol>
      <symbol id="sm-5fe">
         <name>__aeabi_memclr</name>
         <value>0x5e55</value>
         <object_component_ref idref="oc-f2"/>
      </symbol>
      <symbol id="sm-5ff">
         <name>__aeabi_memclr4</name>
         <value>0x5e55</value>
         <object_component_ref idref="oc-f2"/>
      </symbol>
      <symbol id="sm-600">
         <name>__aeabi_memclr8</name>
         <value>0x5e55</value>
         <object_component_ref idref="oc-f2"/>
      </symbol>
      <symbol id="sm-606">
         <name>__aeabi_uidiv</name>
         <value>0x4841</value>
         <object_component_ref idref="oc-10f"/>
      </symbol>
      <symbol id="sm-607">
         <name>__aeabi_uidivmod</name>
         <value>0x4841</value>
         <object_component_ref idref="oc-10f"/>
      </symbol>
      <symbol id="sm-610">
         <name>__eqsf2</name>
         <value>0x4ae1</value>
         <object_component_ref idref="oc-12b"/>
      </symbol>
      <symbol id="sm-611">
         <name>__lesf2</name>
         <value>0x4ae1</value>
         <object_component_ref idref="oc-12b"/>
      </symbol>
      <symbol id="sm-612">
         <name>__ltsf2</name>
         <value>0x4ae1</value>
         <object_component_ref idref="oc-12b"/>
      </symbol>
      <symbol id="sm-613">
         <name>__nesf2</name>
         <value>0x4ae1</value>
         <object_component_ref idref="oc-12b"/>
      </symbol>
      <symbol id="sm-614">
         <name>__cmpsf2</name>
         <value>0x4ae1</value>
         <object_component_ref idref="oc-12b"/>
      </symbol>
      <symbol id="sm-615">
         <name>__gtsf2</name>
         <value>0x4a2d</value>
         <object_component_ref idref="oc-130"/>
      </symbol>
      <symbol id="sm-616">
         <name>__gesf2</name>
         <value>0x4a2d</value>
         <object_component_ref idref="oc-130"/>
      </symbol>
      <symbol id="sm-61c">
         <name>__udivmoddi4</name>
         <value>0x3415</value>
         <object_component_ref idref="oc-2f7"/>
      </symbol>
      <symbol id="sm-622">
         <name>__aeabi_llsl</name>
         <value>0x5595</value>
         <object_component_ref idref="oc-308"/>
      </symbol>
      <symbol id="sm-623">
         <name>__ashldi3</name>
         <value>0x5595</value>
         <object_component_ref idref="oc-308"/>
      </symbol>
      <symbol id="sm-62d">
         <name>__divmoddi4</name>
         <value>0x4881</value>
         <object_component_ref idref="oc-255"/>
      </symbol>
      <symbol id="sm-639">
         <name>__aeabi_idiv0</name>
         <value>0x170b</value>
         <object_component_ref idref="oc-191"/>
      </symbol>
      <symbol id="sm-63a">
         <name>__aeabi_ldiv0</name>
         <value>0x2593</value>
         <object_component_ref idref="oc-307"/>
      </symbol>
      <symbol id="sm-644">
         <name>TI_memcpy_small</name>
         <value>0x5d9f</value>
         <object_component_ref idref="oc-15a"/>
      </symbol>
      <symbol id="sm-64d">
         <name>TI_memset_small</name>
         <value>0x5e45</value>
         <object_component_ref idref="oc-1f7"/>
      </symbol>
      <symbol id="sm-64e">
         <name>__TI_static_base__</name>
         <value>0x0</value>
      </symbol>
      <symbol id="sm-652">
         <name>__mpu_init</name>
         <value>0x0</value>
      </symbol>
      <symbol id="sm-653">
         <name>_system_post_cinit</name>
         <value>0x0</value>
      </symbol>
   </symbol_table>
   <title>Link successful</title>
</link_info>
